Archive member included to satisfy reference by file (symbol)

c:/st/stm32cubeide_1.12.1/stm32cubeide/plugins/com.st.stm32cube.ide.mcu.externaltools.gnu-tools-for-stm32.10.3-2021.10.win32_1.0.200.202301161003/tools/bin/../lib/gcc/arm-none-eabi/10.3.1/../../../../arm-none-eabi/lib/thumb/v7e-m+fp/hard\libc_nano.a(lib_a-errno.o)
                              ./Core/Src/syscalls.o (__errno)
c:/st/stm32cubeide_1.12.1/stm32cubeide/plugins/com.st.stm32cube.ide.mcu.externaltools.gnu-tools-for-stm32.10.3-2021.10.win32_1.0.200.202301161003/tools/bin/../lib/gcc/arm-none-eabi/10.3.1/../../../../arm-none-eabi/lib/thumb/v7e-m+fp/hard\libc_nano.a(lib_a-exit.o)
                              c:/st/stm32cubeide_1.12.1/stm32cubeide/plugins/com.st.stm32cube.ide.mcu.externaltools.gnu-tools-for-stm32.10.3-2021.10.win32_1.0.200.202301161003/tools/bin/../lib/gcc/arm-none-eabi/10.3.1/../../../../arm-none-eabi/lib/thumb/v7e-m+fp/hard/crt0.o (exit)
c:/st/stm32cubeide_1.12.1/stm32cubeide/plugins/com.st.stm32cube.ide.mcu.externaltools.gnu-tools-for-stm32.10.3-2021.10.win32_1.0.200.202301161003/tools/bin/../lib/gcc/arm-none-eabi/10.3.1/../../../../arm-none-eabi/lib/thumb/v7e-m+fp/hard\libc_nano.a(lib_a-impure.o)
                              c:/st/stm32cubeide_1.12.1/stm32cubeide/plugins/com.st.stm32cube.ide.mcu.externaltools.gnu-tools-for-stm32.10.3-2021.10.win32_1.0.200.202301161003/tools/bin/../lib/gcc/arm-none-eabi/10.3.1/../../../../arm-none-eabi/lib/thumb/v7e-m+fp/hard\libc_nano.a(lib_a-exit.o) (_global_impure_ptr)
c:/st/stm32cubeide_1.12.1/stm32cubeide/plugins/com.st.stm32cube.ide.mcu.externaltools.gnu-tools-for-stm32.10.3-2021.10.win32_1.0.200.202301161003/tools/bin/../lib/gcc/arm-none-eabi/10.3.1/../../../../arm-none-eabi/lib/thumb/v7e-m+fp/hard\libc_nano.a(lib_a-init.o)
                              c:/st/stm32cubeide_1.12.1/stm32cubeide/plugins/com.st.stm32cube.ide.mcu.externaltools.gnu-tools-for-stm32.10.3-2021.10.win32_1.0.200.202301161003/tools/bin/../lib/gcc/arm-none-eabi/10.3.1/../../../../arm-none-eabi/lib/thumb/v7e-m+fp/hard/crt0.o (__libc_init_array)
c:/st/stm32cubeide_1.12.1/stm32cubeide/plugins/com.st.stm32cube.ide.mcu.externaltools.gnu-tools-for-stm32.10.3-2021.10.win32_1.0.200.202301161003/tools/bin/../lib/gcc/arm-none-eabi/10.3.1/../../../../arm-none-eabi/lib/thumb/v7e-m+fp/hard\libc_nano.a(lib_a-memset.o)
                              c:/st/stm32cubeide_1.12.1/stm32cubeide/plugins/com.st.stm32cube.ide.mcu.externaltools.gnu-tools-for-stm32.10.3-2021.10.win32_1.0.200.202301161003/tools/bin/../lib/gcc/arm-none-eabi/10.3.1/../../../../arm-none-eabi/lib/thumb/v7e-m+fp/hard/crt0.o (memset)

Discarded input sections

 .text          0x0000000000000000        0x0 c:/st/stm32cubeide_1.12.1/stm32cubeide/plugins/com.st.stm32cube.ide.mcu.externaltools.gnu-tools-for-stm32.10.3-2021.10.win32_1.0.200.202301161003/tools/bin/../lib/gcc/arm-none-eabi/10.3.1/thumb/v7e-m+fp/hard/crti.o
 .data          0x0000000000000000        0x0 c:/st/stm32cubeide_1.12.1/stm32cubeide/plugins/com.st.stm32cube.ide.mcu.externaltools.gnu-tools-for-stm32.10.3-2021.10.win32_1.0.200.202301161003/tools/bin/../lib/gcc/arm-none-eabi/10.3.1/thumb/v7e-m+fp/hard/crti.o
 .bss           0x0000000000000000        0x0 c:/st/stm32cubeide_1.12.1/stm32cubeide/plugins/com.st.stm32cube.ide.mcu.externaltools.gnu-tools-for-stm32.10.3-2021.10.win32_1.0.200.202301161003/tools/bin/../lib/gcc/arm-none-eabi/10.3.1/thumb/v7e-m+fp/hard/crti.o
 .data          0x0000000000000000        0x4 c:/st/stm32cubeide_1.12.1/stm32cubeide/plugins/com.st.stm32cube.ide.mcu.externaltools.gnu-tools-for-stm32.10.3-2021.10.win32_1.0.200.202301161003/tools/bin/../lib/gcc/arm-none-eabi/10.3.1/thumb/v7e-m+fp/hard/crtbegin.o
 .rodata        0x0000000000000000       0x24 c:/st/stm32cubeide_1.12.1/stm32cubeide/plugins/com.st.stm32cube.ide.mcu.externaltools.gnu-tools-for-stm32.10.3-2021.10.win32_1.0.200.202301161003/tools/bin/../lib/gcc/arm-none-eabi/10.3.1/thumb/v7e-m+fp/hard/crtbegin.o
 .text          0x0000000000000000       0x7c c:/st/stm32cubeide_1.12.1/stm32cubeide/plugins/com.st.stm32cube.ide.mcu.externaltools.gnu-tools-for-stm32.10.3-2021.10.win32_1.0.200.202301161003/tools/bin/../lib/gcc/arm-none-eabi/10.3.1/../../../../arm-none-eabi/lib/thumb/v7e-m+fp/hard/crt0.o
 .data          0x0000000000000000        0x0 c:/st/stm32cubeide_1.12.1/stm32cubeide/plugins/com.st.stm32cube.ide.mcu.externaltools.gnu-tools-for-stm32.10.3-2021.10.win32_1.0.200.202301161003/tools/bin/../lib/gcc/arm-none-eabi/10.3.1/../../../../arm-none-eabi/lib/thumb/v7e-m+fp/hard/crt0.o
 .bss           0x0000000000000000        0x0 c:/st/stm32cubeide_1.12.1/stm32cubeide/plugins/com.st.stm32cube.ide.mcu.externaltools.gnu-tools-for-stm32.10.3-2021.10.win32_1.0.200.202301161003/tools/bin/../lib/gcc/arm-none-eabi/10.3.1/../../../../arm-none-eabi/lib/thumb/v7e-m+fp/hard/crt0.o
[...]
Memory Configuration

Name             Origin             Length             Attributes
RAM              0x0000000020000000 0x0000000000010000 xrw
RAM2             0x0000000010000000 0x0000000000004000 xrw
FLASH            0x0000000008008800 0x0000000000037800 xr
*default*        0x0000000000000000 0xffffffffffffffff

Linker script and memory map

LOAD c:/st/stm32cubeide_1.12.1/stm32cubeide/plugins/com.st.stm32cube.ide.mcu.externaltools.gnu-tools-for-stm32.10.3-2021.10.win32_1.0.200.202301161003/tools/bin/../lib/gcc/arm-none-eabi/10.3.1/thumb/v7e-m+fp/hard/crti.o
LOAD c:/st/stm32cubeide_1.12.1/stm32cubeide/plugins/com.st.stm32cube.ide.mcu.externaltools.gnu-tools-for-stm32.10.3-2021.10.win32_1.0.200.202301161003/tools/bin/../lib/gcc/arm-none-eabi/10.3.1/thumb/v7e-m+fp/hard/crtbegin.o
LOAD c:/st/stm32cubeide_1.12.1/stm32cubeide/plugins/com.st.stm32cube.ide.mcu.externaltools.gnu-tools-for-stm32.10.3-2021.10.win32_1.0.200.202301161003/tools/bin/../lib/gcc/arm-none-eabi/10.3.1/../../../../arm-none-eabi/lib/thumb/v7e-m+fp/hard/crt0.o
LOAD ./Core/Src/main.o
LOAD ./Core/Src/stm32l4xx_hal_msp.o
LOAD ./Core/Src/stm32l4xx_it.o
LOAD ./Core/Src/syscalls.o
LOAD ./Core/Src/sysmem.o
LOAD ./Core/Src/system_stm32l4xx.o
LOAD ./Core/Startup/startup_stm32l432kcux.o
LOAD ./Drivers/STM32L4xx_HAL_Driver/Src/stm32l4xx_hal.o
LOAD ./Drivers/STM32L4xx_HAL_Driver/Src/stm32l4xx_hal_cortex.o
LOAD ./Drivers/STM32L4xx_HAL_Driver/Src/stm32l4xx_hal_dma.o
LOAD ./Drivers/STM32L4xx_HAL_Driver/Src/stm32l4xx_hal_dma_ex.o
LOAD ./Drivers/STM32L4xx_HAL_Driver/Src/stm32l4xx_hal_exti.o
LOAD ./Drivers/STM32L4xx_HAL_Driver/Src/stm32l4xx_hal_flash.o
LOAD ./Drivers/STM32L4xx_HAL_Driver/Src/stm32l4xx_hal_flash_ex.o
LOAD ./Drivers/STM32L4xx_HAL_Driver/Src/stm32l4xx_hal_flash_ramfunc.o
LOAD ./Drivers/STM32L4xx_HAL_Driver/Src/stm32l4xx_hal_gpio.o
LOAD ./Drivers/STM32L4xx_HAL_Driver/Src/stm32l4xx_hal_pwr.o
LOAD ./Drivers/STM32L4xx_HAL_Driver/Src/stm32l4xx_hal_pwr_ex.o
LOAD ./Drivers/STM32L4xx_HAL_Driver/Src/stm32l4xx_hal_rcc.o
LOAD ./Drivers/STM32L4xx_HAL_Driver/Src/stm32l4xx_hal_rcc_ex.o
START GROUP
LOAD c:/st/stm32cubeide_1.12.1/stm32cubeide/plugins/com.st.stm32cube.ide.mcu.externaltools.gnu-tools-for-stm32.10.3-2021.10.win32_1.0.200.202301161003/tools/bin/../lib/gcc/arm-none-eabi/10.3.1/../../../../arm-none-eabi/lib/thumb/v7e-m+fp/hard\libc_nano.a
LOAD c:/st/stm32cubeide_1.12.1/stm32cubeide/plugins/com.st.stm32cube.ide.mcu.externaltools.gnu-tools-for-stm32.10.3-2021.10.win32_1.0.200.202301161003/tools/bin/../lib/gcc/arm-none-eabi/10.3.1/../../../../arm-none-eabi/lib/thumb/v7e-m+fp/hard\libm.a
END GROUP
START GROUP
LOAD c:/st/stm32cubeide_1.12.1/stm32cubeide/plugins/com.st.stm32cube.ide.mcu.externaltools.gnu-tools-for-stm32.10.3-2021.10.win32_1.0.200.202301161003/tools/bin/../lib/gcc/arm-none-eabi/10.3.1/thumb/v7e-m+fp/hard\libgcc.a
LOAD c:/st/stm32cubeide_1.12.1/stm32cubeide/plugins/com.st.stm32cube.ide.mcu.externaltools.gnu-tools-for-stm32.10.3-2021.10.win32_1.0.200.202301161003/tools/bin/../lib/gcc/arm-none-eabi/10.3.1/../../../../arm-none-eabi/lib/thumb/v7e-m+fp/hard\libc_nano.a
END GROUP
START GROUP
LOAD c:/st/stm32cubeide_1.12.1/stm32cubeide/plugins/com.st.stm32cube.ide.mcu.externaltools.gnu-tools-for-stm32.10.3-2021.10.win32_1.0.200.202301161003/tools/bin/../lib/gcc/arm-none-eabi/10.3.1/thumb/v7e-m+fp/hard\libgcc.a
LOAD c:/st/stm32cubeide_1.12.1/stm32cubeide/plugins/com.st.stm32cube.ide.mcu.externaltools.gnu-tools-for-stm32.10.3-2021.10.win32_1.0.200.202301161003/tools/bin/../lib/gcc/arm-none-eabi/10.3.1/../../../../arm-none-eabi/lib/thumb/v7e-m+fp/hard\libc_nano.a
LOAD c:/st/stm32cubeide_1.12.1/stm32cubeide/plugins/com.st.stm32cube.ide.mcu.externaltools.gnu-tools-for-stm32.10.3-2021.10.win32_1.0.200.202301161003/tools/bin/../lib/gcc/arm-none-eabi/10.3.1/../../../../arm-none-eabi/lib/thumb/v7e-m+fp/hard\libnosys.a
END GROUP
START GROUP
LOAD c:/st/stm32cubeide_1.12.1/stm32cubeide/plugins/com.st.stm32cube.ide.mcu.externaltools.gnu-tools-for-stm32.10.3-2021.10.win32_1.0.200.202301161003/tools/bin/../lib/gcc/arm-none-eabi/10.3.1/thumb/v7e-m+fp/hard\libgcc.a
LOAD c:/st/stm32cubeide_1.12.1/stm32cubeide/plugins/com.st.stm32cube.ide.mcu.externaltools.gnu-tools-for-stm32.10.3-2021.10.win32_1.0.200.202301161003/tools/bin/../lib/gcc/arm-none-eabi/10.3.1/../../../../arm-none-eabi/lib/thumb/v7e-m+fp/hard\libc_nano.a
LOAD c:/st/stm32cubeide_1.12.1/stm32cubeide/plugins/com.st.stm32cube.ide.mcu.externaltools.gnu-tools-for-stm32.10.3-2021.10.win32_1.0.200.202301161003/tools/bin/../lib/gcc/arm-none-eabi/10.3.1/../../../../arm-none-eabi/lib/thumb/v7e-m+fp/hard\libnosys.a
END GROUP
LOAD c:/st/stm32cubeide_1.12.1/stm32cubeide/plugins/com.st.stm32cube.ide.mcu.externaltools.gnu-tools-for-stm32.10.3-2021.10.win32_1.0.200.202301161003/tools/bin/../lib/gcc/arm-none-eabi/10.3.1/thumb/v7e-m+fp/hard/crtend.o
LOAD c:/st/stm32cubeide_1.12.1/stm32cubeide/plugins/com.st.stm32cube.ide.mcu.externaltools.gnu-tools-for-stm32.10.3-2021.10.win32_1.0.200.202301161003/tools/bin/../lib/gcc/arm-none-eabi/10.3.1/thumb/v7e-m+fp/hard/crtn.o
                0x0000000020010000                _estack = (ORIGIN (RAM) + LENGTH (RAM))
                0x0000000000000200                _Min_Heap_Size = 0x200
                0x0000000000000400                _Min_Stack_Size = 0x400

.isr_vector     0x0000000008008800      0x18c
                0x0000000008008800                . = ALIGN (0x4)
 *(.isr_vector)
 .isr_vector    0x0000000008008800      0x18c ./Core/Startup/startup_stm32l432kcux.o
                0x0000000008008800                g_pfnVectors
                0x000000000800898c                . = ALIGN (0x4)

.text           0x000000000800898c     0x1584
                0x000000000800898c                . = ALIGN (0x4)
 *(.text)
 .text          0x000000000800898c       0x40 c:/st/stm32cubeide_1.12.1/stm32cubeide/plugins/com.st.stm32cube.ide.mcu.externaltools.gnu-tools-for-stm32.10.3-2021.10.win32_1.0.200.202301161003/tools/bin/../lib/gcc/arm-none-eabi/10.3.1/thumb/v7e-m+fp/hard/crtbegin.o
 *(.text*)
 .text.main     0x00000000080089cc       0x16 ./Core/Src/main.o
                0x00000000080089cc                main
 *fill*         0x00000000080089e2        0x2 
 .text.blinky   0x00000000080089e4       0x50 ./Core/Src/main.o
                0x00000000080089e4                blinky
 .text.SystemClock_Config
                0x0000000008008a34       0xcc ./Core/Src/main.o
                0x0000000008008a34                SystemClock_Config
 .text.Error_Handler
                0x0000000008008b00        0xa ./Core/Src/main.o
                0x0000000008008b00                Error_Handler
 *fill*         0x0000000008008b0a        0x2 
 .text.HAL_MspInit
                0x0000000008008b0c       0x48 ./Core/Src/stm32l4xx_hal_msp.o
                0x0000000008008b0c                HAL_MspInit
 .text.NMI_Handler
                0x0000000008008b54        0x6 ./Core/Src/stm32l4xx_it.o
                0x0000000008008b54                NMI_Handler
 .text.HardFault_Handler
                0x0000000008008b5a        0x6 ./Core/Src/stm32l4xx_it.o
                0x0000000008008b5a                HardFault_Handler
 .text.MemManage_Handler
                0x0000000008008b60        0x6 ./Core/Src/stm32l4xx_it.o
                0x0000000008008b60                MemManage_Handler
 .text.BusFault_Handler
                0x0000000008008b66        0x6 ./Core/Src/stm32l4xx_it.o
                0x0000000008008b66                BusFault_Handler
 .text.UsageFault_Handler
                0x0000000008008b6c        0x6 ./Core/Src/stm32l4xx_it.o
                0x0000000008008b6c                UsageFault_Handler
 .text.SVC_Handler
                0x0000000008008b72        0xe ./Core/Src/stm32l4xx_it.o
                0x0000000008008b72                SVC_Handler
 .text.DebugMon_Handler
                0x0000000008008b80        0xe ./Core/Src/stm32l4xx_it.o
                0x0000000008008b80                DebugMon_Handler
 .text.PendSV_Handler
                0x0000000008008b8e        0xe ./Core/Src/stm32l4xx_it.o
                0x0000000008008b8e                PendSV_Handler
 .text.SysTick_Handler
                0x0000000008008b9c        0xc ./Core/Src/stm32l4xx_it.o
                0x0000000008008b9c                SysTick_Handler
 .text.SystemInit
                0x0000000008008ba8       0x24 ./Core/Src/system_stm32l4xx.o
                0x0000000008008ba8                SystemInit
 .text.Reset_Handler
                0x0000000008008bcc       0x50 ./Core/Startup/startup_stm32l432kcux.o
                0x0000000008008bcc                Reset_Handler
 .text.Default_Handler
                0x0000000008008c1c        0x2 ./Core/Startup/startup_stm32l432kcux.o
                0x0000000008008c1c                RTC_Alarm_IRQHandler
                0x0000000008008c1c                EXTI2_IRQHandler
                0x0000000008008c1c                TIM1_CC_IRQHandler
                0x0000000008008c1c                TSC_IRQHandler
                0x0000000008008c1c                TAMP_STAMP_IRQHandler
                0x0000000008008c1c                EXTI3_IRQHandler
                0x0000000008008c1c                LPTIM2_IRQHandler
                0x0000000008008c1c                I2C3_ER_IRQHandler
                0x0000000008008c1c                EXTI0_IRQHandler
                0x0000000008008c1c                CAN1_RX0_IRQHandler
                0x0000000008008c1c                FPU_IRQHandler
                0x0000000008008c1c                TIM1_UP_TIM16_IRQHandler
                0x0000000008008c1c                SPI1_IRQHandler
                0x0000000008008c1c                TIM6_DAC_IRQHandler
                0x0000000008008c1c                DMA2_Channel2_IRQHandler
                0x0000000008008c1c                DMA1_Channel4_IRQHandler
                0x0000000008008c1c                ADC1_IRQHandler
                0x0000000008008c1c                DMA1_Channel7_IRQHandler
                0x0000000008008c1c                CAN1_RX1_IRQHandler
                0x0000000008008c1c                DMA2_Channel1_IRQHandler
                0x0000000008008c1c                QUADSPI_IRQHandler
                0x0000000008008c1c                I2C1_EV_IRQHandler
                0x0000000008008c1c                DMA1_Channel6_IRQHandler
                0x0000000008008c1c                DMA2_Channel4_IRQHandler
                0x0000000008008c1c                RCC_IRQHandler
                0x0000000008008c1c                TIM1_TRG_COM_IRQHandler
                0x0000000008008c1c                DMA1_Channel1_IRQHandler
                0x0000000008008c1c                Default_Handler
                0x0000000008008c1c                DMA2_Channel7_IRQHandler
                0x0000000008008c1c                EXTI15_10_IRQHandler
                0x0000000008008c1c                TIM7_IRQHandler
                0x0000000008008c1c                I2C3_EV_IRQHandler
                0x0000000008008c1c                USB_IRQHandler
                0x0000000008008c1c                EXTI9_5_IRQHandler
                0x0000000008008c1c                RTC_WKUP_IRQHandler
                0x0000000008008c1c                PVD_PVM_IRQHandler
                0x0000000008008c1c                CAN1_TX_IRQHandler
                0x0000000008008c1c                DMA2_Channel5_IRQHandler
                0x0000000008008c1c                CRS_IRQHandler
                0x0000000008008c1c                DMA1_Channel5_IRQHandler
                0x0000000008008c1c                EXTI4_IRQHandler
                0x0000000008008c1c                RNG_IRQHandler
                0x0000000008008c1c                DMA1_Channel3_IRQHandler
                0x0000000008008c1c                COMP_IRQHandler
                0x0000000008008c1c                WWDG_IRQHandler
                0x0000000008008c1c                LPUART1_IRQHandler
                0x0000000008008c1c                DMA2_Channel6_IRQHandler
                0x0000000008008c1c                TIM2_IRQHandler
                0x0000000008008c1c                EXTI1_IRQHandler
                0x0000000008008c1c                USART2_IRQHandler
                0x0000000008008c1c                DMA1_Channel2_IRQHandler
                0x0000000008008c1c                CAN1_SCE_IRQHandler
                0x0000000008008c1c                FLASH_IRQHandler
                0x0000000008008c1c                USART1_IRQHandler
                0x0000000008008c1c                SPI3_IRQHandler
                0x0000000008008c1c                I2C1_ER_IRQHandler
                0x0000000008008c1c                SWPMI1_IRQHandler
                0x0000000008008c1c                LPTIM1_IRQHandler
                0x0000000008008c1c                SAI1_IRQHandler
                0x0000000008008c1c                DMA2_Channel3_IRQHandler
                0x0000000008008c1c                TIM1_BRK_TIM15_IRQHandler
 .text.HAL_Init
                0x0000000008008c1e       0x30 ./Drivers/STM32L4xx_HAL_Driver/Src/stm32l4xx_hal.o
                0x0000000008008c1e                HAL_Init
 *fill*         0x0000000008008c4e        0x2 
 .text.HAL_InitTick
                0x0000000008008c50       0x78 ./Drivers/STM32L4xx_HAL_Driver/Src/stm32l4xx_hal.o
                0x0000000008008c50                HAL_InitTick
 .text.HAL_IncTick
                0x0000000008008cc8       0x28 ./Drivers/STM32L4xx_HAL_Driver/Src/stm32l4xx_hal.o
                0x0000000008008cc8                HAL_IncTick
 .text.HAL_GetTick
                0x0000000008008cf0       0x18 ./Drivers/STM32L4xx_HAL_Driver/Src/stm32l4xx_hal.o
                0x0000000008008cf0                HAL_GetTick
 .text.__NVIC_SetPriorityGrouping
                0x0000000008008d08       0x48 ./Drivers/STM32L4xx_HAL_Driver/Src/stm32l4xx_hal_cortex.o
 .text.__NVIC_GetPriorityGrouping
                0x0000000008008d50       0x1c ./Drivers/STM32L4xx_HAL_Driver/Src/stm32l4xx_hal_cortex.o
 .text.__NVIC_SetPriority
                0x0000000008008d6c       0x54 ./Drivers/STM32L4xx_HAL_Driver/Src/stm32l4xx_hal_cortex.o
 .text.NVIC_EncodePriority
                0x0000000008008dc0       0x66 ./Drivers/STM32L4xx_HAL_Driver/Src/stm32l4xx_hal_cortex.o
 *fill*         0x0000000008008e26        0x2 
 .text.SysTick_Config
                0x0000000008008e28       0x44 ./Drivers/STM32L4xx_HAL_Driver/Src/stm32l4xx_hal_cortex.o
 .text.HAL_NVIC_SetPriorityGrouping
                0x0000000008008e6c       0x16 ./Drivers/STM32L4xx_HAL_Driver/Src/stm32l4xx_hal_cortex.o
                0x0000000008008e6c                HAL_NVIC_SetPriorityGrouping
 .text.HAL_NVIC_SetPriority
                0x0000000008008e82       0x38 ./Drivers/STM32L4xx_HAL_Driver/Src/stm32l4xx_hal_cortex.o
                0x0000000008008e82                HAL_NVIC_SetPriority
 .text.HAL_SYSTICK_Config
                0x0000000008008eba       0x18 ./Drivers/STM32L4xx_HAL_Driver/Src/stm32l4xx_hal_cortex.o
                0x0000000008008eba                HAL_SYSTICK_Config
 *fill*         0x0000000008008ed2        0x2 
 .text.HAL_GPIO_Init
                0x0000000008008ed4      0x2d4 ./Drivers/STM32L4xx_HAL_Driver/Src/stm32l4xx_hal_gpio.o
                0x0000000008008ed4                HAL_GPIO_Init
 .text.HAL_GPIO_WritePin
                0x00000000080091a8       0x30 ./Drivers/STM32L4xx_HAL_Driver/Src/stm32l4xx_hal_gpio.o
                0x00000000080091a8                HAL_GPIO_WritePin
 .text.HAL_PWREx_GetVoltageRange
                0x00000000080091d8       0x1c ./Drivers/STM32L4xx_HAL_Driver/Src/stm32l4xx_hal_pwr_ex.o
                0x00000000080091d8                HAL_PWREx_GetVoltageRange
 .text.HAL_PWREx_ControlVoltageScaling
                0x00000000080091f4       0xac ./Drivers/STM32L4xx_HAL_Driver/Src/stm32l4xx_hal_pwr_ex.o
                0x00000000080091f4                HAL_PWREx_ControlVoltageScaling
 .text.HAL_RCC_OscConfig
                0x00000000080092a0      0x828 ./Drivers/STM32L4xx_HAL_Driver/Src/stm32l4xx_hal_rcc.o
                0x00000000080092a0                HAL_RCC_OscConfig
 .text.HAL_RCC_ClockConfig
                0x0000000008009ac8      0x200 ./Drivers/STM32L4xx_HAL_Driver/Src/stm32l4xx_hal_rcc.o
                0x0000000008009ac8                HAL_RCC_ClockConfig
 .text.HAL_RCC_GetSysClockFreq
                0x0000000008009cc8      0x118 ./Drivers/STM32L4xx_HAL_Driver/Src/stm32l4xx_hal_rcc.o
                0x0000000008009cc8                HAL_RCC_GetSysClockFreq
 .text.RCC_SetFlashLatencyFromMSIRange
                0x0000000008009de0       0xc0 ./Drivers/STM32L4xx_HAL_Driver/Src/stm32l4xx_hal_rcc.o
 .text.__libc_init_array
                0x0000000008009ea0       0x48 c:/st/stm32cubeide_1.12.1/stm32cubeide/plugins/com.st.stm32cube.ide.mcu.externaltools.gnu-tools-for-stm32.10.3-2021.10.win32_1.0.200.202301161003/tools/bin/../lib/gcc/arm-none-eabi/10.3.1/../../../../arm-none-eabi/lib/thumb/v7e-m+fp/hard\libc_nano.a(lib_a-init.o)
                0x0000000008009ea0                __libc_init_array
 .text.memset   0x0000000008009ee8       0x10 c:/st/stm32cubeide_1.12.1/stm32cubeide/plugins/com.st.stm32cube.ide.mcu.externaltools.gnu-tools-for-stm32.10.3-2021.10.win32_1.0.200.202301161003/tools/bin/../lib/gcc/arm-none-eabi/10.3.1/../../../../arm-none-eabi/lib/thumb/v7e-m+fp/hard\libc_nano.a(lib_a-memset.o)
                0x0000000008009ee8                memset
 *(.glue_7)
 .glue_7        0x0000000008009ef8        0x0 linker stubs
 *(.glue_7t)
 .glue_7t       0x0000000008009ef8        0x0 linker stubs
 *(.eh_frame)
 .eh_frame      0x0000000008009ef8        0x0 c:/st/stm32cubeide_1.12.1/stm32cubeide/plugins/com.st.stm32cube.ide.mcu.externaltools.gnu-tools-for-stm32.10.3-2021.10.win32_1.0.200.202301161003/tools/bin/../lib/gcc/arm-none-eabi/10.3.1/thumb/v7e-m+fp/hard/crtbegin.o
 *(.init)
 .init          0x0000000008009ef8        0x4 c:/st/stm32cubeide_1.12.1/stm32cubeide/plugins/com.st.stm32cube.ide.mcu.externaltools.gnu-tools-for-stm32.10.3-2021.10.win32_1.0.200.202301161003/tools/bin/../lib/gcc/arm-none-eabi/10.3.1/thumb/v7e-m+fp/hard/crti.o
                0x0000000008009ef8                _init
 .init          0x0000000008009efc        0x8 c:/st/stm32cubeide_1.12.1/stm32cubeide/plugins/com.st.stm32cube.ide.mcu.externaltools.gnu-tools-for-stm32.10.3-2021.10.win32_1.0.200.202301161003/tools/bin/../lib/gcc/arm-none-eabi/10.3.1/thumb/v7e-m+fp/hard/crtn.o
 *(.fini)
 .fini          0x0000000008009f04        0x4 c:/st/stm32cubeide_1.12.1/stm32cubeide/plugins/com.st.stm32cube.ide.mcu.externaltools.gnu-tools-for-stm32.10.3-2021.10.win32_1.0.200.202301161003/tools/bin/../lib/gcc/arm-none-eabi/10.3.1/thumb/v7e-m+fp/hard/crti.o
                0x0000000008009f04                _fini
 .fini          0x0000000008009f08        0x8 c:/st/stm32cubeide_1.12.1/stm32cubeide/plugins/com.st.stm32cube.ide.mcu.externaltools.gnu-tools-for-stm32.10.3-2021.10.win32_1.0.200.202301161003/tools/bin/../lib/gcc/arm-none-eabi/10.3.1/thumb/v7e-m+fp/hard/crtn.o
                0x0000000008009f10                . = ALIGN (0x4)
                0x0000000008009f10                _etext = .

.vfp11_veneer   0x0000000008009f10        0x0
 .vfp11_veneer  0x0000000008009f10        0x0 linker stubs

.v4_bx          0x0000000008009f10        0x0
 .v4_bx         0x0000000008009f10        0x0 linker stubs

.iplt           0x0000000008009f10        0x0
 .iplt          0x0000000008009f10        0x0 c:/st/stm32cubeide_1.12.1/stm32cubeide/plugins/com.st.stm32cube.ide.mcu.externaltools.gnu-tools-for-stm32.10.3-2021.10.win32_1.0.200.202301161003/tools/bin/../lib/gcc/arm-none-eabi/10.3.1/thumb/v7e-m+fp/hard/crtbegin.o

.rodata         0x0000000008009f10       0x40
                0x0000000008009f10                . = ALIGN (0x4)
 *(.rodata)
 *(.rodata*)
 .rodata.AHBPrescTable
                0x0000000008009f10       0x10 ./Core/Src/system_stm32l4xx.o
                0x0000000008009f10                AHBPrescTable
 .rodata.MSIRangeTable
                0x0000000008009f20       0x30 ./Core/Src/system_stm32l4xx.o
                0x0000000008009f20                MSIRangeTable
                0x0000000008009f50                . = ALIGN (0x4)

.rel.dyn        0x0000000008009f50        0x0
 .rel.iplt      0x0000000008009f50        0x0 c:/st/stm32cubeide_1.12.1/stm32cubeide/plugins/com.st.stm32cube.ide.mcu.externaltools.gnu-tools-for-stm32.10.3-2021.10.win32_1.0.200.202301161003/tools/bin/../lib/gcc/arm-none-eabi/10.3.1/thumb/v7e-m+fp/hard/crtbegin.o

.ARM.extab      0x0000000008009f50        0x0
                0x0000000008009f50                . = ALIGN (0x4)
 *(.ARM.extab* .gnu.linkonce.armextab.*)
                0x0000000008009f50                . = ALIGN (0x4)

.ARM            0x0000000008009f50        0x0
                0x0000000008009f50                . = ALIGN (0x4)
                0x0000000008009f50                __exidx_start = .
 *(.ARM.exidx*)
                0x0000000008009f50                __exidx_end = .
                0x0000000008009f50                . = ALIGN (0x4)

.preinit_array  0x0000000008009f50        0x0
                0x0000000008009f50                . = ALIGN (0x4)
                0x0000000008009f50                PROVIDE (__preinit_array_start = .)
 *(.preinit_array*)
                0x0000000008009f50                PROVIDE (__preinit_array_end = .)
                0x0000000008009f50                . = ALIGN (0x4)

.init_array     0x0000000008009f50        0x4
                0x0000000008009f50                . = ALIGN (0x4)
                0x0000000008009f50                PROVIDE (__init_array_start = .)
 *(SORT_BY_NAME(.init_array.*))
 *(.init_array*)
 .init_array    0x0000000008009f50        0x4 c:/st/stm32cubeide_1.12.1/stm32cubeide/plugins/com.st.stm32cube.ide.mcu.externaltools.gnu-tools-for-stm32.10.3-2021.10.win32_1.0.200.202301161003/tools/bin/../lib/gcc/arm-none-eabi/10.3.1/thumb/v7e-m+fp/hard/crtbegin.o
                0x0000000008009f54                PROVIDE (__init_array_end = .)
                0x0000000008009f54                . = ALIGN (0x4)

.fini_array     0x0000000008009f54        0x4
                0x0000000008009f54                . = ALIGN (0x4)
                [!provide]                        PROVIDE (__fini_array_start = .)
 *(SORT_BY_NAME(.fini_array.*))
 *(.fini_array*)
 .fini_array    0x0000000008009f54        0x4 c:/st/stm32cubeide_1.12.1/stm32cubeide/plugins/com.st.stm32cube.ide.mcu.externaltools.gnu-tools-for-stm32.10.3-2021.10.win32_1.0.200.202301161003/tools/bin/../lib/gcc/arm-none-eabi/10.3.1/thumb/v7e-m+fp/hard/crtbegin.o
                [!provide]                        PROVIDE (__fini_array_end = .)
                0x0000000008009f58                . = ALIGN (0x4)
                0x0000000008009f58                _sidata = LOADADDR (.data)

.data           0x0000000020000000        0xc load address 0x0000000008009f58
                0x0000000020000000                . = ALIGN (0x4)
                0x0000000020000000                _sdata = .
 *(.data)
 *(.data*)
 .data.SystemCoreClock
                0x0000000020000000        0x4 ./Core/Src/system_stm32l4xx.o
                0x0000000020000000                SystemCoreClock
 .data.uwTickPrio
                0x0000000020000004        0x4 ./Drivers/STM32L4xx_HAL_Driver/Src/stm32l4xx_hal.o
                0x0000000020000004                uwTickPrio
 .data.uwTickFreq
                0x0000000020000008        0x1 ./Drivers/STM32L4xx_HAL_Driver/Src/stm32l4xx_hal.o
                0x0000000020000008                uwTickFreq
 *(.RamFunc)
 *(.RamFunc*)
                0x000000002000000c                . = ALIGN (0x4)
 *fill*         0x0000000020000009        0x3 
                0x000000002000000c                _edata = .

.igot.plt       0x000000002000000c        0x0 load address 0x0000000008009f64
 .igot.plt      0x000000002000000c        0x0 c:/st/stm32cubeide_1.12.1/stm32cubeide/plugins/com.st.stm32cube.ide.mcu.externaltools.gnu-tools-for-stm32.10.3-2021.10.win32_1.0.200.202301161003/tools/bin/../lib/gcc/arm-none-eabi/10.3.1/thumb/v7e-m+fp/hard/crtbegin.o
                0x000000002000000c                . = ALIGN (0x4)

.bss            0x000000002000000c       0x20 load address 0x0000000008009f64
                0x000000002000000c                _sbss = .
                0x000000002000000c                __bss_start__ = _sbss
 *(.bss)
 .bss           0x000000002000000c       0x1c c:/st/stm32cubeide_1.12.1/stm32cubeide/plugins/com.st.stm32cube.ide.mcu.externaltools.gnu-tools-for-stm32.10.3-2021.10.win32_1.0.200.202301161003/tools/bin/../lib/gcc/arm-none-eabi/10.3.1/thumb/v7e-m+fp/hard/crtbegin.o
 *(.bss*)
 .bss.uwTick    0x0000000020000028        0x4 ./Drivers/STM32L4xx_HAL_Driver/Src/stm32l4xx_hal.o
                0x0000000020000028                uwTick
 *(COMMON)
                0x000000002000002c                . = ALIGN (0x4)
                0x000000002000002c                _ebss = .
                0x000000002000002c                __bss_end__ = _ebss

._user_heap_stack
                0x000000002000002c      0x604 load address 0x0000000008009f64
                0x0000000020000030                . = ALIGN (0x8)
 *fill*         0x000000002000002c        0x4 
                [!provide]                        PROVIDE (end = .)
                0x0000000020000030                PROVIDE (_end = .)
                0x0000000020000230                . = (. + _Min_Heap_Size)
 *fill*         0x0000000020000030      0x200 
                0x0000000020000630                . = (. + _Min_Stack_Size)
 *fill*         0x0000000020000230      0x400 
                0x0000000020000630                . = ALIGN (0x8)

/DISCARD/
 libc.a(*)
 libm.a(*)
 libgcc.a(*)

.ARM.attributes
                0x0000000000000000       0x30
 *(.ARM.attributes)
 .ARM.attributes
                0x0000000000000000       0x1e c:/st/stm32cubeide_1.12.1/stm32cubeide/plugins/com.st.stm32cube.ide.mcu.externaltools.gnu-tools-for-stm32.10.3-2021.10.win32_1.0.200.202301161003/tools/bin/../lib/gcc/arm-none-eabi/10.3.1/thumb/v7e-m+fp/hard/crti.o
 .ARM.attributes
                0x000000000000001e       0x34 c:/st/stm32cubeide_1.12.1/stm32cubeide/plugins/com.st.stm32cube.ide.mcu.externaltools.gnu-tools-for-stm32.10.3-2021.10.win32_1.0.200.202301161003/tools/bin/../lib/gcc/arm-none-eabi/10.3.1/thumb/v7e-m+fp/hard/crtbegin.o
 .ARM.attributes
                0x0000000000000052       0x34 ./Core/Src/main.o
 .ARM.attributes
                0x0000000000000086       0x34 ./Core/Src/stm32l4xx_hal_msp.o
 .ARM.attributes
                0x00000000000000ba       0x34 ./Core/Src/stm32l4xx_it.o
 .ARM.attributes
                0x00000000000000ee       0x34 ./Core/Src/system_stm32l4xx.o
 .ARM.attributes
                0x0000000000000122       0x21 ./Core/Startup/startup_stm32l432kcux.o
 .ARM.attributes
                0x0000000000000143       0x34 ./Drivers/STM32L4xx_HAL_Driver/Src/stm32l4xx_hal.o
 .ARM.attributes
                0x0000000000000177       0x34 ./Drivers/STM32L4xx_HAL_Driver/Src/stm32l4xx_hal_cortex.o
 .ARM.attributes
                0x00000000000001ab       0x34 ./Drivers/STM32L4xx_HAL_Driver/Src/stm32l4xx_hal_gpio.o
 .ARM.attributes
                0x00000000000001df       0x34 ./Drivers/STM32L4xx_HAL_Driver/Src/stm32l4xx_hal_pwr_ex.o
 .ARM.attributes
                0x0000000000000213       0x34 ./Drivers/STM32L4xx_HAL_Driver/Src/stm32l4xx_hal_rcc.o
 .ARM.attributes
                0x0000000000000247       0x34 c:/st/stm32cubeide_1.12.1/stm32cubeide/plugins/com.st.stm32cube.ide.mcu.externaltools.gnu-tools-for-stm32.10.3-2021.10.win32_1.0.200.202301161003/tools/bin/../lib/gcc/arm-none-eabi/10.3.1/../../../../arm-none-eabi/lib/thumb/v7e-m+fp/hard\libc_nano.a(lib_a-init.o)
 .ARM.attributes
                0x000000000000027b       0x34 c:/st/stm32cubeide_1.12.1/stm32cubeide/plugins/com.st.stm32cube.ide.mcu.externaltools.gnu-tools-for-stm32.10.3-2021.10.win32_1.0.200.202301161003/tools/bin/../lib/gcc/arm-none-eabi/10.3.1/../../../../arm-none-eabi/lib/thumb/v7e-m+fp/hard\libc_nano.a(lib_a-memset.o)
 .ARM.attributes
                0x00000000000002af       0x1e c:/st/stm32cubeide_1.12.1/stm32cubeide/plugins/com.st.stm32cube.ide.mcu.externaltools.gnu-tools-for-stm32.10.3-2021.10.win32_1.0.200.202301161003/tools/bin/../lib/gcc/arm-none-eabi/10.3.1/thumb/v7e-m+fp/hard/crtn.o
OUTPUT(blinky.elf elf32-littlearm)
LOAD linker stubs
LOAD c:/st/stm32cubeide_1.12.1/stm32cubeide/plugins/com.st.stm32cube.ide.mcu.externaltools.gnu-tools-for-stm32.10.3-2021.10.win32_1.0.200.202301161003/tools/bin/../lib/gcc/arm-none-eabi/10.3.1/../../../../arm-none-eabi/lib/thumb/v7e-m+fp/hard\libc.a
LOAD c:/st/stm32cubeide_1.12.1/stm32cubeide/plugins/com.st.stm32cube.ide.mcu.externaltools.gnu-tools-for-stm32.10.3-2021.10.win32_1.0.200.202301161003/tools/bin/../lib/gcc/arm-none-eabi/10.3.1/../../../../arm-none-eabi/lib/thumb/v7e-m+fp/hard\libm.a
LOAD c:/st/stm32cubeide_1.12.1/stm32cubeide/plugins/com.st.stm32cube.ide.mcu.externaltools.gnu-tools-for-stm32.10.3-2021.10.win32_1.0.200.202301161003/tools/bin/../lib/gcc/arm-none-eabi/10.3.1/thumb/v7e-m+fp/hard\libgcc.a

.debug_info     0x0000000000000000     0x46f9
 .debug_info    0x0000000000000000      0x72b ./Core/Src/main.o
 .debug_info    0x000000000000072b      0x316 ./Core/Src/stm32l4xx_hal_msp.o
 .debug_info    0x0000000000000a41      0x122 ./Core/Src/stm32l4xx_it.o
 .debug_info    0x0000000000000b63      0x5d4 ./Core/Src/system_stm32l4xx.o
 .debug_info    0x0000000000001137       0x22 ./Core/Startup/startup_stm32l432kcux.o
 .debug_info    0x0000000000001159      0x9da ./Drivers/STM32L4xx_HAL_Driver/Src/stm32l4xx_hal.o
 .debug_info    0x0000000000001b33      0xda3 ./Drivers/STM32L4xx_HAL_Driver/Src/stm32l4xx_hal_cortex.o
 .debug_info    0x00000000000028d6      0x821 ./Drivers/STM32L4xx_HAL_Driver/Src/stm32l4xx_hal_gpio.o
 .debug_info    0x00000000000030f7      0x96b ./Drivers/STM32L4xx_HAL_Driver/Src/stm32l4xx_hal_pwr_ex.o
 .debug_info    0x0000000000003a62      0xc97 ./Drivers/STM32L4xx_HAL_Driver/Src/stm32l4xx_hal_rcc.o

.debug_abbrev   0x0000000000000000      0xfd1
 .debug_abbrev  0x0000000000000000      0x1d4 ./Core/Src/main.o
 .debug_abbrev  0x00000000000001d4       0xc2 ./Core/Src/stm32l4xx_hal_msp.o
 .debug_abbrev  0x0000000000000296       0x74 ./Core/Src/stm32l4xx_it.o
 .debug_abbrev  0x000000000000030a      0x116 ./Core/Src/system_stm32l4xx.o
 .debug_abbrev  0x0000000000000420       0x12 ./Core/Startup/startup_stm32l432kcux.o
 .debug_abbrev  0x0000000000000432      0x21e ./Drivers/STM32L4xx_HAL_Driver/Src/stm32l4xx_hal.o
 .debug_abbrev  0x0000000000000650      0x316 ./Drivers/STM32L4xx_HAL_Driver/Src/stm32l4xx_hal_cortex.o
 .debug_abbrev  0x0000000000000966      0x1bb ./Drivers/STM32L4xx_HAL_Driver/Src/stm32l4xx_hal_gpio.o
 .debug_abbrev  0x0000000000000b21      0x1f3 ./Drivers/STM32L4xx_HAL_Driver/Src/stm32l4xx_hal_pwr_ex.o
 .debug_abbrev  0x0000000000000d14      0x2bd ./Drivers/STM32L4xx_HAL_Driver/Src/stm32l4xx_hal_rcc.o

.debug_aranges  0x0000000000000000      0x538
 .debug_aranges
                0x0000000000000000       0x38 ./Core/Src/main.o
 .debug_aranges
                0x0000000000000038       0x20 ./Core/Src/stm32l4xx_hal_msp.o
 .debug_aranges
                0x0000000000000058       0x60 ./Core/Src/stm32l4xx_it.o
 .debug_aranges
                0x00000000000000b8       0x28 ./Core/Src/system_stm32l4xx.o
 .debug_aranges
                0x00000000000000e0       0x28 ./Core/Startup/startup_stm32l432kcux.o
 .debug_aranges
                0x0000000000000108      0x108 ./Drivers/STM32L4xx_HAL_Driver/Src/stm32l4xx_hal.o
 .debug_aranges
                0x0000000000000210      0x118 ./Drivers/STM32L4xx_HAL_Driver/Src/stm32l4xx_hal_cortex.o
 .debug_aranges
                0x0000000000000328       0x58 ./Drivers/STM32L4xx_HAL_Driver/Src/stm32l4xx_hal_gpio.o
 .debug_aranges
                0x0000000000000380      0x128 ./Drivers/STM32L4xx_HAL_Driver/Src/stm32l4xx_hal_pwr_ex.o
 .debug_aranges
                0x00000000000004a8       0x90 ./Drivers/STM32L4xx_HAL_Driver/Src/stm32l4xx_hal_rcc.o

.debug_ranges   0x0000000000000000      0x4a0
 .debug_ranges  0x0000000000000000       0x28 ./Core/Src/main.o
 .debug_ranges  0x0000000000000028       0x10 ./Core/Src/stm32l4xx_hal_msp.o
 .debug_ranges  0x0000000000000038       0x50 ./Core/Src/stm32l4xx_it.o
 .debug_ranges  0x0000000000000088       0x18 ./Core/Src/system_stm32l4xx.o
 .debug_ranges  0x00000000000000a0       0x20 ./Core/Startup/startup_stm32l432kcux.o
 .debug_ranges  0x00000000000000c0       0xf8 ./Drivers/STM32L4xx_HAL_Driver/Src/stm32l4xx_hal.o
 .debug_ranges  0x00000000000001b8      0x108 ./Drivers/STM32L4xx_HAL_Driver/Src/stm32l4xx_hal_cortex.o
 .debug_ranges  0x00000000000002c0       0x48 ./Drivers/STM32L4xx_HAL_Driver/Src/stm32l4xx_hal_gpio.o
 .debug_ranges  0x0000000000000308      0x118 ./Drivers/STM32L4xx_HAL_Driver/Src/stm32l4xx_hal_pwr_ex.o
 .debug_ranges  0x0000000000000420       0x80 ./Drivers/STM32L4xx_HAL_Driver/Src/stm32l4xx_hal_rcc.o

.debug_macro    0x0000000000000000    0x1e0e9
 .debug_macro   0x0000000000000000      0x1a7 ./Core/Src/main.o
 .debug_macro   0x00000000000001a7      0xa78 ./Core/Src/main.o
 .debug_macro   0x0000000000000c1f      0x19b ./Core/Src/main.o
 .debug_macro   0x0000000000000dba       0x2e ./Core/Src/main.o
 .debug_macro   0x0000000000000de8       0x28 ./Core/Src/main.o
 .debug_macro   0x0000000000000e10       0x22 ./Core/Src/main.o
 .debug_macro   0x0000000000000e32       0x8e ./Core/Src/main.o
 .debug_macro   0x0000000000000ec0       0x51 ./Core/Src/main.o
 .debug_macro   0x0000000000000f11      0x103 ./Core/Src/main.o
 .debug_macro   0x0000000000001014       0x6a ./Core/Src/main.o
 .debug_macro   0x000000000000107e      0x1df ./Core/Src/main.o
 .debug_macro   0x000000000000125d       0x1c ./Core/Src/main.o
 .debug_macro   0x0000000000001279       0x22 ./Core/Src/main.o
 .debug_macro   0x000000000000129b       0xfb ./Core/Src/main.o
 .debug_macro   0x0000000000001396     0x1011 ./Core/Src/main.o
 .debug_macro   0x00000000000023a7      0x11f ./Core/Src/main.o
 .debug_macro   0x00000000000024c6    0x147a6 ./Core/Src/main.o
 .debug_macro   0x0000000000016c6c       0x6d ./Core/Src/main.o
 .debug_macro   0x0000000000016cd9     0x38e6 ./Core/Src/main.o
 .debug_macro   0x000000000001a5bf      0x174 ./Core/Src/main.o
 .debug_macro   0x000000000001a733       0x5c ./Core/Src/main.o
 .debug_macro   0x000000000001a78f     0x11ca ./Core/Src/main.o
 .debug_macro   0x000000000001b959      0x53c ./Core/Src/main.o
 .debug_macro   0x000000000001be95      0x1b9 ./Core/Src/main.o
 .debug_macro   0x000000000001c04e      0x122 ./Core/Src/main.o
 .debug_macro   0x000000000001c170      0x26b ./Core/Src/main.o
 .debug_macro   0x000000000001c3db      0x23d ./Core/Src/main.o
 .debug_macro   0x000000000001c618      0x241 ./Core/Src/main.o
 .debug_macro   0x000000000001c859      0x375 ./Core/Src/main.o
 .debug_macro   0x000000000001cbce       0xd6 ./Core/Src/main.o
 .debug_macro   0x000000000001cca4      0x122 ./Core/Src/main.o
 .debug_macro   0x000000000001cdc6      0x356 ./Core/Src/main.o
 .debug_macro   0x000000000001d11c      0x220 ./Core/Src/main.o
 .debug_macro   0x000000000001d33c       0x10 ./Core/Src/main.o
 .debug_macro   0x000000000001d34c      0x1a7 ./Core/Src/stm32l4xx_hal_msp.o
 .debug_macro   0x000000000001d4f3      0x1b1 ./Core/Src/stm32l4xx_it.o
 .debug_macro   0x000000000001d6a4      0x198 ./Core/Src/system_stm32l4xx.o
 .debug_macro   0x000000000001d83c      0x1e0 ./Drivers/STM32L4xx_HAL_Driver/Src/stm32l4xx_hal.o
 .debug_macro   0x000000000001da1c      0x198 ./Drivers/STM32L4xx_HAL_Driver/Src/stm32l4xx_hal_cortex.o
 .debug_macro   0x000000000001dbb4      0x19f ./Drivers/STM32L4xx_HAL_Driver/Src/stm32l4xx_hal_gpio.o
 .debug_macro   0x000000000001dd53      0x1bc ./Drivers/STM32L4xx_HAL_Driver/Src/stm32l4xx_hal_pwr_ex.o
 .debug_macro   0x000000000001df0f      0x1da ./Drivers/STM32L4xx_HAL_Driver/Src/stm32l4xx_hal_rcc.o

.debug_line     0x0000000000000000     0x5675
 .debug_line    0x0000000000000000      0x720 ./Core/Src/main.o
 .debug_line    0x0000000000000720      0x660 ./Core/Src/stm32l4xx_hal_msp.o
 .debug_line    0x0000000000000d80      0x723 ./Core/Src/stm32l4xx_it.o
 .debug_line    0x00000000000014a3      0x6f8 ./Core/Src/system_stm32l4xx.o
 .debug_line    0x0000000000001b9b       0x88 ./Core/Startup/startup_stm32l432kcux.o
 .debug_line    0x0000000000001c23      0x9bd ./Drivers/STM32L4xx_HAL_Driver/Src/stm32l4xx_hal.o
 .debug_line    0x00000000000025e0      0xbf7 ./Drivers/STM32L4xx_HAL_Driver/Src/stm32l4xx_hal_cortex.o
 .debug_line    0x00000000000031d7      0xa47 ./Drivers/STM32L4xx_HAL_Driver/Src/stm32l4xx_hal_gpio.o
 .debug_line    0x0000000000003c1e      0xb4f ./Drivers/STM32L4xx_HAL_Driver/Src/stm32l4xx_hal_pwr_ex.o
 .debug_line    0x000000000000476d      0xf08 ./Drivers/STM32L4xx_HAL_Driver/Src/stm32l4xx_hal_rcc.o

.debug_str      0x0000000000000000    0xb596e
 .debug_str     0x0000000000000000    0xb41cc ./Core/Src/main.o
                                      0xb4477 (size before relaxing)
 .debug_str     0x00000000000b41cc       0x2c ./Core/Src/stm32l4xx_hal_msp.o
                                      0xb41b6 (size before relaxing)
 .debug_str     0x00000000000b41f8       0xc9 ./Core/Src/stm32l4xx_it.o
                                      0xb40ec (size before relaxing)
 .debug_str     0x00000000000b42c1       0xfc ./Core/Src/system_stm32l4xx.o
                                      0xb425b (size before relaxing)
 .debug_str     0x00000000000b43bd       0x36 ./Core/Startup/startup_stm32l432kcux.o
                                         0x71 (size before relaxing)
 .debug_str     0x00000000000b43f3      0x909 ./Drivers/STM32L4xx_HAL_Driver/Src/stm32l4xx_hal.o
                                      0xb4be8 (size before relaxing)
 .debug_str     0x00000000000b4cfc      0x350 ./Drivers/STM32L4xx_HAL_Driver/Src/stm32l4xx_hal_cortex.o
                                      0xb4989 (size before relaxing)
 .debug_str     0x00000000000b504c      0x138 ./Drivers/STM32L4xx_HAL_Driver/Src/stm32l4xx_hal_gpio.o
                                      0xb43cf (size before relaxing)
 .debug_str     0x00000000000b5184      0x44e ./Drivers/STM32L4xx_HAL_Driver/Src/stm32l4xx_hal_pwr_ex.o
                                      0xb4703 (size before relaxing)
 .debug_str     0x00000000000b55d2      0x39c ./Drivers/STM32L4xx_HAL_Driver/Src/stm32l4xx_hal_rcc.o
                                      0xb485b (size before relaxing)

.comment        0x0000000000000000       0x50
 .comment       0x0000000000000000       0x50 ./Core/Src/main.o
                                         0x51 (size before relaxing)
 .comment       0x0000000000000050       0x51 ./Core/Src/stm32l4xx_hal_msp.o
 .comment       0x0000000000000050       0x51 ./Core/Src/stm32l4xx_it.o
 .comment       0x0000000000000050       0x51 ./Core/Src/system_stm32l4xx.o
 .comment       0x0000000000000050       0x51 ./Drivers/STM32L4xx_HAL_Driver/Src/stm32l4xx_hal.o
 .comment       0x0000000000000050       0x51 ./Drivers/STM32L4xx_HAL_Driver/Src/stm32l4xx_hal_cortex.o
 .comment       0x0000000000000050       0x51 ./Drivers/STM32L4xx_HAL_Driver/Src/stm32l4xx_hal_gpio.o
 .comment       0x0000000000000050       0x51 ./Drivers/STM32L4xx_HAL_Driver/Src/stm32l4xx_hal_pwr_ex.o
 .comment       0x0000000000000050       0x51 ./Drivers/STM32L4xx_HAL_Driver/Src/stm32l4xx_hal_rcc.o

.debug_frame    0x0000000000000000     0x12e8
 .debug_frame   0x0000000000000000       0x88 ./Core/Src/main.o
 .debug_frame   0x0000000000000088       0x38 ./Core/Src/stm32l4xx_hal_msp.o
 .debug_frame   0x00000000000000c0      0x104 ./Core/Src/stm32l4xx_it.o
 .debug_frame   0x00000000000001c4       0x58 ./Core/Src/system_stm32l4xx.o
 .debug_frame   0x000000000000021c      0x3dc ./Drivers/STM32L4xx_HAL_Driver/Src/stm32l4xx_hal.o
 .debug_frame   0x00000000000005f8      0x498 ./Drivers/STM32L4xx_HAL_Driver/Src/stm32l4xx_hal_cortex.o
 .debug_frame   0x0000000000000a90      0x14c ./Drivers/STM32L4xx_HAL_Driver/Src/stm32l4xx_hal_gpio.o
 .debug_frame   0x0000000000000bdc      0x4a4 ./Drivers/STM32L4xx_HAL_Driver/Src/stm32l4xx_hal_pwr_ex.o
 .debug_frame   0x0000000000001080      0x21c ./Drivers/STM32L4xx_HAL_Driver/Src/stm32l4xx_hal_rcc.o
 .debug_frame   0x000000000000129c       0x2c c:/st/stm32cubeide_1.12.1/stm32cubeide/plugins/com.st.stm32cube.ide.mcu.externaltools.gnu-tools-for-stm32.10.3-2021.10.win32_1.0.200.202301161003/tools/bin/../lib/gcc/arm-none-eabi/10.3.1/../../../../arm-none-eabi/lib/thumb/v7e-m+fp/hard\libc_nano.a(lib_a-init.o)
 .debug_frame   0x00000000000012c8       0x20 c:/st/stm32cubeide_1.12.1/stm32cubeide/plugins/com.st.stm32cube.ide.mcu.externaltools.gnu-tools-for-stm32.10.3-2021.10.win32_1.0.200.202301161003/tools/bin/../lib/gcc/arm-none-eabi/10.3.1/../../../../arm-none-eabi/lib/thumb/v7e-m+fp/hard\libc_nano.a(lib_a-memset.o)

Cross Reference Table

Symbol                                            File
ADC1_IRQHandler                                   ./Core/Startup/startup_stm32l432kcux.o
AHBPrescTable                                     ./Core/Src/system_stm32l4xx.o
                                                  ./Drivers/STM32L4xx_HAL_Driver/Src/stm32l4xx_hal_rcc.o
APBPrescTable                                     ./Core/Src/system_stm32l4xx.o
                                                  ./Drivers/STM32L4xx_HAL_Driver/Src/stm32l4xx_hal_rcc.o
BusFault_Handler                                  ./Core/Src/stm32l4xx_it.o
CAN1_RX0_IRQHandler                               ./Core/Startup/startup_stm32l432kcux.o
CAN1_RX1_IRQHandler                               ./Core/Startup/startup_stm32l432kcux.o
CAN1_SCE_IRQHandler                               ./Core/Startup/startup_stm32l432kcux.o
CAN1_TX_IRQHandler                                ./Core/Startup/startup_stm32l432kcux.o
COMP_IRQHandler                                   ./Core/Startup/startup_stm32l432kcux.o
CRS_IRQHandler                                    ./Core/Startup/startup_stm32l432kcux.o
DMA1_Channel1_IRQHandler                          ./Core/Startup/startup_stm32l432kcux.o
DMA1_Channel2_IRQHandler                          ./Core/Startup/startup_stm32l432kcux.o
DMA1_Channel3_IRQHandler                          ./Core/Startup/startup_stm32l432kcux.o
DMA1_Channel4_IRQHandler                          ./Core/Startup/startup_stm32l432kcux.o
DMA1_Channel5_IRQHandler                          ./Core/Startup/startup_stm32l432kcux.o
DMA1_Channel6_IRQHandler                          ./Core/Startup/startup_stm32l432kcux.o
DMA1_Channel7_IRQHandler                          ./Core/Startup/startup_stm32l432kcux.o
DMA2_Channel1_IRQHandler                          ./Core/Startup/startup_stm32l432kcux.o
DMA2_Channel2_IRQHandler                          ./Core/Startup/startup_stm32l432kcux.o
DMA2_Channel3_IRQHandler                          ./Core/Startup/startup_stm32l432kcux.o
DMA2_Channel4_IRQHandler                          ./Core/Startup/startup_stm32l432kcux.o
DMA2_Channel5_IRQHandler                          ./Core/Startup/startup_stm32l432kcux.o
DMA2_Channel6_IRQHandler                          ./Core/Startup/startup_stm32l432kcux.o
DMA2_Channel7_IRQHandler                          ./Core/Startup/startup_stm32l432kcux.o
DebugMon_Handler                                  ./Core/Src/stm32l4xx_it.o
Default_Handler                                   ./Core/Startup/startup_stm32l432kcux.o
EXTI0_IRQHandler                                  ./Core/Startup/startup_stm32l432kcux.o
EXTI15_10_IRQHandler                              ./Core/Startup/startup_stm32l432kcux.o
EXTI1_IRQHandler                                  ./Core/Startup/startup_stm32l432kcux.o
EXTI2_IRQHandler                                  ./Core/Startup/startup_stm32l432kcux.o
EXTI3_IRQHandler                                  ./Core/Startup/startup_stm32l432kcux.o
EXTI4_IRQHandler                                  ./Core/Startup/startup_stm32l432kcux.o
EXTI9_5_IRQHandler                                ./Core/Startup/startup_stm32l432kcux.o
Error_Handler                                     ./Core/Src/main.o
FLASH_FlushCaches                                 ./Drivers/STM32L4xx_HAL_Driver/Src/stm32l4xx_hal_flash_ex.o
                                                  ./Drivers/STM32L4xx_HAL_Driver/Src/stm32l4xx_hal_flash.o
FLASH_IRQHandler                                  ./Core/Startup/startup_stm32l432kcux.o
FLASH_PageErase                                   ./Drivers/STM32L4xx_HAL_Driver/Src/stm32l4xx_hal_flash_ex.o
                                                  ./Drivers/STM32L4xx_HAL_Driver/Src/stm32l4xx_hal_flash.o
FLASH_WaitForLastOperation                        ./Drivers/STM32L4xx_HAL_Driver/Src/stm32l4xx_hal_flash.o
                                                  ./Drivers/STM32L4xx_HAL_Driver/Src/stm32l4xx_hal_flash_ex.o
FPU_IRQHandler                                    ./Core/Startup/startup_stm32l432kcux.o
HAL_DBGMCU_DisableDBGSleepMode                    ./Drivers/STM32L4xx_HAL_Driver/Src/stm32l4xx_hal.o
HAL_DBGMCU_DisableDBGStandbyMode                  ./Drivers/STM32L4xx_HAL_Driver/Src/stm32l4xx_hal.o
HAL_DBGMCU_DisableDBGStopMode                     ./Drivers/STM32L4xx_HAL_Driver/Src/stm32l4xx_hal.o
HAL_DBGMCU_EnableDBGSleepMode                     ./Drivers/STM32L4xx_HAL_Driver/Src/stm32l4xx_hal.o
HAL_DBGMCU_EnableDBGStandbyMode                   ./Drivers/STM32L4xx_HAL_Driver/Src/stm32l4xx_hal.o
HAL_DBGMCU_EnableDBGStopMode                      ./Drivers/STM32L4xx_HAL_Driver/Src/stm32l4xx_hal.o
HAL_DMA_Abort                                     ./Drivers/STM32L4xx_HAL_Driver/Src/stm32l4xx_hal_dma.o
HAL_DMA_Abort_IT                                  ./Drivers/STM32L4xx_HAL_Driver/Src/stm32l4xx_hal_dma.o
HAL_DMA_DeInit                                    ./Drivers/STM32L4xx_HAL_Driver/Src/stm32l4xx_hal_dma.o
HAL_DMA_GetError                                  ./Drivers/STM32L4xx_HAL_Driver/Src/stm32l4xx_hal_dma.o
HAL_DMA_GetState                                  ./Drivers/STM32L4xx_HAL_Driver/Src/stm32l4xx_hal_dma.o
HAL_DMA_IRQHandler                                ./Drivers/STM32L4xx_HAL_Driver/Src/stm32l4xx_hal_dma.o
HAL_DMA_Init                                      ./Drivers/STM32L4xx_HAL_Driver/Src/stm32l4xx_hal_dma.o
HAL_DMA_PollForTransfer                           ./Drivers/STM32L4xx_HAL_Driver/Src/stm32l4xx_hal_dma.o
HAL_DMA_RegisterCallback                          ./Drivers/STM32L4xx_HAL_Driver/Src/stm32l4xx_hal_dma.o
HAL_DMA_Start                                     ./Drivers/STM32L4xx_HAL_Driver/Src/stm32l4xx_hal_dma.o
HAL_DMA_Start_IT                                  ./Drivers/STM32L4xx_HAL_Driver/Src/stm32l4xx_hal_dma.o
HAL_DMA_UnRegisterCallback                        ./Drivers/STM32L4xx_HAL_Driver/Src/stm32l4xx_hal_dma.o
HAL_DeInit                                        ./Drivers/STM32L4xx_HAL_Driver/Src/stm32l4xx_hal.o
HAL_Delay                                         ./Drivers/STM32L4xx_HAL_Driver/Src/stm32l4xx_hal.o
HAL_EXTI_ClearConfigLine                          ./Drivers/STM32L4xx_HAL_Driver/Src/stm32l4xx_hal_exti.o
HAL_EXTI_ClearPending                             ./Drivers/STM32L4xx_HAL_Driver/Src/stm32l4xx_hal_exti.o
HAL_EXTI_GenerateSWI                              ./Drivers/STM32L4xx_HAL_Driver/Src/stm32l4xx_hal_exti.o
HAL_EXTI_GetConfigLine                            ./Drivers/STM32L4xx_HAL_Driver/Src/stm32l4xx_hal_exti.o
HAL_EXTI_GetHandle                                ./Drivers/STM32L4xx_HAL_Driver/Src/stm32l4xx_hal_exti.o
HAL_EXTI_GetPending                               ./Drivers/STM32L4xx_HAL_Driver/Src/stm32l4xx_hal_exti.o
HAL_EXTI_IRQHandler                               ./Drivers/STM32L4xx_HAL_Driver/Src/stm32l4xx_hal_exti.o
HAL_EXTI_RegisterCallback                         ./Drivers/STM32L4xx_HAL_Driver/Src/stm32l4xx_hal_exti.o
HAL_EXTI_SetConfigLine                            ./Drivers/STM32L4xx_HAL_Driver/Src/stm32l4xx_hal_exti.o
HAL_FLASHEx_DisableRunPowerDown                   ./Drivers/STM32L4xx_HAL_Driver/Src/stm32l4xx_hal_flash_ramfunc.o
HAL_FLASHEx_EnableRunPowerDown                    ./Drivers/STM32L4xx_HAL_Driver/Src/stm32l4xx_hal_flash_ramfunc.o
HAL_FLASHEx_Erase                                 ./Drivers/STM32L4xx_HAL_Driver/Src/stm32l4xx_hal_flash_ex.o
HAL_FLASHEx_Erase_IT                              ./Drivers/STM32L4xx_HAL_Driver/Src/stm32l4xx_hal_flash_ex.o
HAL_FLASHEx_OBGetConfig                           ./Drivers/STM32L4xx_HAL_Driver/Src/stm32l4xx_hal_flash_ex.o
HAL_FLASHEx_OBProgram                             ./Drivers/STM32L4xx_HAL_Driver/Src/stm32l4xx_hal_flash_ex.o
HAL_FLASH_EndOfOperationCallback                  ./Drivers/STM32L4xx_HAL_Driver/Src/stm32l4xx_hal_flash.o
HAL_FLASH_GetError                                ./Drivers/STM32L4xx_HAL_Driver/Src/stm32l4xx_hal_flash.o
HAL_FLASH_IRQHandler                              ./Drivers/STM32L4xx_HAL_Driver/Src/stm32l4xx_hal_flash.o
HAL_FLASH_Lock                                    ./Drivers/STM32L4xx_HAL_Driver/Src/stm32l4xx_hal_flash.o
HAL_FLASH_OB_Launch                               ./Drivers/STM32L4xx_HAL_Driver/Src/stm32l4xx_hal_flash.o
HAL_FLASH_OB_Lock                                 ./Drivers/STM32L4xx_HAL_Driver/Src/stm32l4xx_hal_flash.o
HAL_FLASH_OB_Unlock                               ./Drivers/STM32L4xx_HAL_Driver/Src/stm32l4xx_hal_flash.o
HAL_FLASH_OperationErrorCallback                  ./Drivers/STM32L4xx_HAL_Driver/Src/stm32l4xx_hal_flash.o
HAL_FLASH_Program                                 ./Drivers/STM32L4xx_HAL_Driver/Src/stm32l4xx_hal_flash.o
HAL_FLASH_Program_IT                              ./Drivers/STM32L4xx_HAL_Driver/Src/stm32l4xx_hal_flash.o
HAL_FLASH_Unlock                                  ./Drivers/STM32L4xx_HAL_Driver/Src/stm32l4xx_hal_flash.o
HAL_GPIO_DeInit                                   ./Drivers/STM32L4xx_HAL_Driver/Src/stm32l4xx_hal_gpio.o
HAL_GPIO_EXTI_Callback                            ./Drivers/STM32L4xx_HAL_Driver/Src/stm32l4xx_hal_gpio.o
HAL_GPIO_EXTI_IRQHandler                          ./Drivers/STM32L4xx_HAL_Driver/Src/stm32l4xx_hal_gpio.o
HAL_GPIO_Init                                     ./Drivers/STM32L4xx_HAL_Driver/Src/stm32l4xx_hal_gpio.o
                                                  ./Drivers/STM32L4xx_HAL_Driver/Src/stm32l4xx_hal_rcc_ex.o
                                                  ./Drivers/STM32L4xx_HAL_Driver/Src/stm32l4xx_hal_rcc.o
                                                  ./Core/Src/main.o
HAL_GPIO_LockPin                                  ./Drivers/STM32L4xx_HAL_Driver/Src/stm32l4xx_hal_gpio.o
HAL_GPIO_ReadPin                                  ./Drivers/STM32L4xx_HAL_Driver/Src/stm32l4xx_hal_gpio.o
HAL_GPIO_TogglePin                                ./Drivers/STM32L4xx_HAL_Driver/Src/stm32l4xx_hal_gpio.o
HAL_GPIO_WritePin                                 ./Drivers/STM32L4xx_HAL_Driver/Src/stm32l4xx_hal_gpio.o
                                                  ./Core/Src/main.o
HAL_GetDEVID                                      ./Drivers/STM32L4xx_HAL_Driver/Src/stm32l4xx_hal.o
HAL_GetHalVersion                                 ./Drivers/STM32L4xx_HAL_Driver/Src/stm32l4xx_hal.o
HAL_GetREVID                                      ./Drivers/STM32L4xx_HAL_Driver/Src/stm32l4xx_hal.o
HAL_GetTick                                       ./Drivers/STM32L4xx_HAL_Driver/Src/stm32l4xx_hal.o
                                                  ./Drivers/STM32L4xx_HAL_Driver/Src/stm32l4xx_hal_rcc_ex.o
                                                  ./Drivers/STM32L4xx_HAL_Driver/Src/stm32l4xx_hal_rcc.o
                                                  ./Drivers/STM32L4xx_HAL_Driver/Src/stm32l4xx_hal_flash.o
                                                  ./Drivers/STM32L4xx_HAL_Driver/Src/stm32l4xx_hal_dma.o
HAL_GetTickFreq                                   ./Drivers/STM32L4xx_HAL_Driver/Src/stm32l4xx_hal.o
HAL_GetTickPrio                                   ./Drivers/STM32L4xx_HAL_Driver/Src/stm32l4xx_hal.o
HAL_GetUIDw0                                      ./Drivers/STM32L4xx_HAL_Driver/Src/stm32l4xx_hal.o
HAL_GetUIDw1                                      ./Drivers/STM32L4xx_HAL_Driver/Src/stm32l4xx_hal.o
HAL_GetUIDw2                                      ./Drivers/STM32L4xx_HAL_Driver/Src/stm32l4xx_hal.o
HAL_IncTick                                       ./Drivers/STM32L4xx_HAL_Driver/Src/stm32l4xx_hal.o
                                                  ./Core/Src/stm32l4xx_it.o
HAL_Init                                          ./Drivers/STM32L4xx_HAL_Driver/Src/stm32l4xx_hal.o
                                                  ./Core/Src/main.o
HAL_InitTick                                      ./Drivers/STM32L4xx_HAL_Driver/Src/stm32l4xx_hal.o
                                                  ./Drivers/STM32L4xx_HAL_Driver/Src/stm32l4xx_hal_rcc.o
HAL_MPU_ConfigRegion                              ./Drivers/STM32L4xx_HAL_Driver/Src/stm32l4xx_hal_cortex.o
HAL_MPU_Disable                                   ./Drivers/STM32L4xx_HAL_Driver/Src/stm32l4xx_hal_cortex.o
HAL_MPU_Enable                                    ./Drivers/STM32L4xx_HAL_Driver/Src/stm32l4xx_hal_cortex.o
HAL_MspDeInit                                     ./Drivers/STM32L4xx_HAL_Driver/Src/stm32l4xx_hal.o
HAL_MspInit                                       ./Core/Src/stm32l4xx_hal_msp.o
HAL_NVIC_ClearPendingIRQ                          ./Drivers/STM32L4xx_HAL_Driver/Src/stm32l4xx_hal_cortex.o
HAL_NVIC_DisableIRQ                               ./Drivers/STM32L4xx_HAL_Driver/Src/stm32l4xx_hal_cortex.o
HAL_NVIC_EnableIRQ                                ./Drivers/STM32L4xx_HAL_Driver/Src/stm32l4xx_hal_cortex.o
HAL_NVIC_GetActive                                ./Drivers/STM32L4xx_HAL_Driver/Src/stm32l4xx_hal_cortex.o
HAL_NVIC_GetPendingIRQ                            ./Drivers/STM32L4xx_HAL_Driver/Src/stm32l4xx_hal_cortex.o
HAL_NVIC_GetPriority                              ./Drivers/STM32L4xx_HAL_Driver/Src/stm32l4xx_hal_cortex.o
HAL_NVIC_GetPriorityGrouping                      ./Drivers/STM32L4xx_HAL_Driver/Src/stm32l4xx_hal_cortex.o
HAL_NVIC_SetPendingIRQ                            ./Drivers/STM32L4xx_HAL_Driver/Src/stm32l4xx_hal_cortex.o
HAL_NVIC_SetPriority                              ./Drivers/STM32L4xx_HAL_Driver/Src/stm32l4xx_hal_cortex.o
                                                  ./Drivers/STM32L4xx_HAL_Driver/Src/stm32l4xx_hal.o
HAL_NVIC_SetPriorityGrouping                      ./Drivers/STM32L4xx_HAL_Driver/Src/stm32l4xx_hal_cortex.o
                                                  ./Drivers/STM32L4xx_HAL_Driver/Src/stm32l4xx_hal.o
HAL_NVIC_SystemReset                              ./Drivers/STM32L4xx_HAL_Driver/Src/stm32l4xx_hal_cortex.o
HAL_PWREx_ConfigPVM                               ./Drivers/STM32L4xx_HAL_Driver/Src/stm32l4xx_hal_pwr_ex.o
HAL_PWREx_ControlVoltageScaling                   ./Drivers/STM32L4xx_HAL_Driver/Src/stm32l4xx_hal_pwr_ex.o
                                                  ./Core/Src/main.o
HAL_PWREx_DisableBatteryCharging                  ./Drivers/STM32L4xx_HAL_Driver/Src/stm32l4xx_hal_pwr_ex.o
HAL_PWREx_DisableGPIOPullDown                     ./Drivers/STM32L4xx_HAL_Driver/Src/stm32l4xx_hal_pwr_ex.o
HAL_PWREx_DisableGPIOPullUp                       ./Drivers/STM32L4xx_HAL_Driver/Src/stm32l4xx_hal_pwr_ex.o
HAL_PWREx_DisableInternalWakeUpLine               ./Drivers/STM32L4xx_HAL_Driver/Src/stm32l4xx_hal_pwr_ex.o
HAL_PWREx_DisableLowPowerRunMode                  ./Drivers/STM32L4xx_HAL_Driver/Src/stm32l4xx_hal_pwr_ex.o
                                                  ./Drivers/STM32L4xx_HAL_Driver/Src/stm32l4xx_hal_pwr.o
HAL_PWREx_DisablePVM1                             ./Drivers/STM32L4xx_HAL_Driver/Src/stm32l4xx_hal_pwr_ex.o
HAL_PWREx_DisablePVM3                             ./Drivers/STM32L4xx_HAL_Driver/Src/stm32l4xx_hal_pwr_ex.o
HAL_PWREx_DisablePVM4                             ./Drivers/STM32L4xx_HAL_Driver/Src/stm32l4xx_hal_pwr_ex.o
HAL_PWREx_DisablePullUpPullDownConfig             ./Drivers/STM32L4xx_HAL_Driver/Src/stm32l4xx_hal_pwr_ex.o
HAL_PWREx_DisableSRAM2ContentRetention            ./Drivers/STM32L4xx_HAL_Driver/Src/stm32l4xx_hal_pwr_ex.o
HAL_PWREx_DisableVddUSB                           ./Drivers/STM32L4xx_HAL_Driver/Src/stm32l4xx_hal_pwr_ex.o
HAL_PWREx_EnableBatteryCharging                   ./Drivers/STM32L4xx_HAL_Driver/Src/stm32l4xx_hal_pwr_ex.o
HAL_PWREx_EnableGPIOPullDown                      ./Drivers/STM32L4xx_HAL_Driver/Src/stm32l4xx_hal_pwr_ex.o
HAL_PWREx_EnableGPIOPullUp                        ./Drivers/STM32L4xx_HAL_Driver/Src/stm32l4xx_hal_pwr_ex.o
HAL_PWREx_EnableInternalWakeUpLine                ./Drivers/STM32L4xx_HAL_Driver/Src/stm32l4xx_hal_pwr_ex.o
HAL_PWREx_EnableLowPowerRunMode                   ./Drivers/STM32L4xx_HAL_Driver/Src/stm32l4xx_hal_pwr_ex.o
                                                  ./Drivers/STM32L4xx_HAL_Driver/Src/stm32l4xx_hal_pwr.o
HAL_PWREx_EnablePVM1                              ./Drivers/STM32L4xx_HAL_Driver/Src/stm32l4xx_hal_pwr_ex.o
HAL_PWREx_EnablePVM3                              ./Drivers/STM32L4xx_HAL_Driver/Src/stm32l4xx_hal_pwr_ex.o
HAL_PWREx_EnablePVM4                              ./Drivers/STM32L4xx_HAL_Driver/Src/stm32l4xx_hal_pwr_ex.o
HAL_PWREx_EnablePullUpPullDownConfig              ./Drivers/STM32L4xx_HAL_Driver/Src/stm32l4xx_hal_pwr_ex.o
HAL_PWREx_EnableSRAM2ContentRetention             ./Drivers/STM32L4xx_HAL_Driver/Src/stm32l4xx_hal_pwr_ex.o
HAL_PWREx_EnableVddUSB                            ./Drivers/STM32L4xx_HAL_Driver/Src/stm32l4xx_hal_pwr_ex.o
HAL_PWREx_EnterSHUTDOWNMode                       ./Drivers/STM32L4xx_HAL_Driver/Src/stm32l4xx_hal_pwr_ex.o
HAL_PWREx_EnterSTOP0Mode                          ./Drivers/STM32L4xx_HAL_Driver/Src/stm32l4xx_hal_pwr_ex.o
                                                  ./Drivers/STM32L4xx_HAL_Driver/Src/stm32l4xx_hal_pwr.o
HAL_PWREx_EnterSTOP1Mode                          ./Drivers/STM32L4xx_HAL_Driver/Src/stm32l4xx_hal_pwr_ex.o
                                                  ./Drivers/STM32L4xx_HAL_Driver/Src/stm32l4xx_hal_pwr.o
HAL_PWREx_EnterSTOP2Mode                          ./Drivers/STM32L4xx_HAL_Driver/Src/stm32l4xx_hal_pwr_ex.o
HAL_PWREx_GetVoltageRange                         ./Drivers/STM32L4xx_HAL_Driver/Src/stm32l4xx_hal_pwr_ex.o
                                                  ./Drivers/STM32L4xx_HAL_Driver/Src/stm32l4xx_hal_rcc.o
HAL_PWREx_PVD_PVM_IRQHandler                      ./Drivers/STM32L4xx_HAL_Driver/Src/stm32l4xx_hal_pwr_ex.o
HAL_PWREx_PVM1Callback                            ./Drivers/STM32L4xx_HAL_Driver/Src/stm32l4xx_hal_pwr_ex.o
HAL_PWREx_PVM3Callback                            ./Drivers/STM32L4xx_HAL_Driver/Src/stm32l4xx_hal_pwr_ex.o
HAL_PWREx_PVM4Callback                            ./Drivers/STM32L4xx_HAL_Driver/Src/stm32l4xx_hal_pwr_ex.o
HAL_PWREx_SetSRAM2ContentRetention                ./Drivers/STM32L4xx_HAL_Driver/Src/stm32l4xx_hal_pwr_ex.o
HAL_PWR_ConfigPVD                                 ./Drivers/STM32L4xx_HAL_Driver/Src/stm32l4xx_hal_pwr.o
HAL_PWR_DeInit                                    ./Drivers/STM32L4xx_HAL_Driver/Src/stm32l4xx_hal_pwr.o
HAL_PWR_DisableBkUpAccess                         ./Drivers/STM32L4xx_HAL_Driver/Src/stm32l4xx_hal_pwr.o
                                                  ./Drivers/STM32L4xx_HAL_Driver/Src/stm32l4xx_hal_rcc_ex.o
HAL_PWR_DisablePVD                                ./Drivers/STM32L4xx_HAL_Driver/Src/stm32l4xx_hal_pwr.o
HAL_PWR_DisableSEVOnPend                          ./Drivers/STM32L4xx_HAL_Driver/Src/stm32l4xx_hal_pwr.o
HAL_PWR_DisableSleepOnExit                        ./Drivers/STM32L4xx_HAL_Driver/Src/stm32l4xx_hal_pwr.o
HAL_PWR_DisableWakeUpPin                          ./Drivers/STM32L4xx_HAL_Driver/Src/stm32l4xx_hal_pwr.o
HAL_PWR_EnableBkUpAccess                          ./Drivers/STM32L4xx_HAL_Driver/Src/stm32l4xx_hal_pwr.o
                                                  ./Drivers/STM32L4xx_HAL_Driver/Src/stm32l4xx_hal_rcc_ex.o
HAL_PWR_EnablePVD                                 ./Drivers/STM32L4xx_HAL_Driver/Src/stm32l4xx_hal_pwr.o
HAL_PWR_EnableSEVOnPend                           ./Drivers/STM32L4xx_HAL_Driver/Src/stm32l4xx_hal_pwr.o
HAL_PWR_EnableSleepOnExit                         ./Drivers/STM32L4xx_HAL_Driver/Src/stm32l4xx_hal_pwr.o
HAL_PWR_EnableWakeUpPin                           ./Drivers/STM32L4xx_HAL_Driver/Src/stm32l4xx_hal_pwr.o
HAL_PWR_EnterSLEEPMode                            ./Drivers/STM32L4xx_HAL_Driver/Src/stm32l4xx_hal_pwr.o
HAL_PWR_EnterSTANDBYMode                          ./Drivers/STM32L4xx_HAL_Driver/Src/stm32l4xx_hal_pwr.o
HAL_PWR_EnterSTOPMode                             ./Drivers/STM32L4xx_HAL_Driver/Src/stm32l4xx_hal_pwr.o
HAL_PWR_PVDCallback                               ./Drivers/STM32L4xx_HAL_Driver/Src/stm32l4xx_hal_pwr.o
                                                  ./Drivers/STM32L4xx_HAL_Driver/Src/stm32l4xx_hal_pwr_ex.o
HAL_RCCEx_CRSConfig                               ./Drivers/STM32L4xx_HAL_Driver/Src/stm32l4xx_hal_rcc_ex.o
HAL_RCCEx_CRSGetSynchronizationInfo               ./Drivers/STM32L4xx_HAL_Driver/Src/stm32l4xx_hal_rcc_ex.o
HAL_RCCEx_CRSSoftwareSynchronizationGenerate      ./Drivers/STM32L4xx_HAL_Driver/Src/stm32l4xx_hal_rcc_ex.o
HAL_RCCEx_CRSWaitSynchronization                  ./Drivers/STM32L4xx_HAL_Driver/Src/stm32l4xx_hal_rcc_ex.o
HAL_RCCEx_CRS_ErrorCallback                       ./Drivers/STM32L4xx_HAL_Driver/Src/stm32l4xx_hal_rcc_ex.o
HAL_RCCEx_CRS_ExpectedSyncCallback                ./Drivers/STM32L4xx_HAL_Driver/Src/stm32l4xx_hal_rcc_ex.o
HAL_RCCEx_CRS_IRQHandler                          ./Drivers/STM32L4xx_HAL_Driver/Src/stm32l4xx_hal_rcc_ex.o
HAL_RCCEx_CRS_SyncOkCallback                      ./Drivers/STM32L4xx_HAL_Driver/Src/stm32l4xx_hal_rcc_ex.o
HAL_RCCEx_CRS_SyncWarnCallback                    ./Drivers/STM32L4xx_HAL_Driver/Src/stm32l4xx_hal_rcc_ex.o
HAL_RCCEx_DisableLSCO                             ./Drivers/STM32L4xx_HAL_Driver/Src/stm32l4xx_hal_rcc_ex.o
HAL_RCCEx_DisableLSECSS                           ./Drivers/STM32L4xx_HAL_Driver/Src/stm32l4xx_hal_rcc_ex.o
HAL_RCCEx_DisableMSIPLLMode                       ./Drivers/STM32L4xx_HAL_Driver/Src/stm32l4xx_hal_rcc_ex.o
HAL_RCCEx_DisablePLLSAI1                          ./Drivers/STM32L4xx_HAL_Driver/Src/stm32l4xx_hal_rcc_ex.o
HAL_RCCEx_EnableLSCO                              ./Drivers/STM32L4xx_HAL_Driver/Src/stm32l4xx_hal_rcc_ex.o
HAL_RCCEx_EnableLSECSS                            ./Drivers/STM32L4xx_HAL_Driver/Src/stm32l4xx_hal_rcc_ex.o
HAL_RCCEx_EnableLSECSS_IT                         ./Drivers/STM32L4xx_HAL_Driver/Src/stm32l4xx_hal_rcc_ex.o
HAL_RCCEx_EnableMSIPLLMode                        ./Drivers/STM32L4xx_HAL_Driver/Src/stm32l4xx_hal_rcc_ex.o
HAL_RCCEx_EnablePLLSAI1                           ./Drivers/STM32L4xx_HAL_Driver/Src/stm32l4xx_hal_rcc_ex.o
HAL_RCCEx_GetPeriphCLKConfig                      ./Drivers/STM32L4xx_HAL_Driver/Src/stm32l4xx_hal_rcc_ex.o
HAL_RCCEx_GetPeriphCLKFreq                        ./Drivers/STM32L4xx_HAL_Driver/Src/stm32l4xx_hal_rcc_ex.o
HAL_RCCEx_LSECSS_Callback                         ./Drivers/STM32L4xx_HAL_Driver/Src/stm32l4xx_hal_rcc_ex.o
HAL_RCCEx_LSECSS_IRQHandler                       ./Drivers/STM32L4xx_HAL_Driver/Src/stm32l4xx_hal_rcc_ex.o
HAL_RCCEx_PeriphCLKConfig                         ./Drivers/STM32L4xx_HAL_Driver/Src/stm32l4xx_hal_rcc_ex.o
HAL_RCCEx_StandbyMSIRangeConfig                   ./Drivers/STM32L4xx_HAL_Driver/Src/stm32l4xx_hal_rcc_ex.o
HAL_RCCEx_WakeUpStopCLKConfig                     ./Drivers/STM32L4xx_HAL_Driver/Src/stm32l4xx_hal_rcc_ex.o
HAL_RCC_CSSCallback                               ./Drivers/STM32L4xx_HAL_Driver/Src/stm32l4xx_hal_rcc.o
HAL_RCC_ClockConfig                               ./Drivers/STM32L4xx_HAL_Driver/Src/stm32l4xx_hal_rcc.o
                                                  ./Core/Src/main.o
HAL_RCC_DeInit                                    ./Drivers/STM32L4xx_HAL_Driver/Src/stm32l4xx_hal_rcc.o
HAL_RCC_EnableCSS                                 ./Drivers/STM32L4xx_HAL_Driver/Src/stm32l4xx_hal_rcc.o
HAL_RCC_GetClockConfig                            ./Drivers/STM32L4xx_HAL_Driver/Src/stm32l4xx_hal_rcc.o
HAL_RCC_GetHCLKFreq                               ./Drivers/STM32L4xx_HAL_Driver/Src/stm32l4xx_hal_rcc.o
HAL_RCC_GetOscConfig                              ./Drivers/STM32L4xx_HAL_Driver/Src/stm32l4xx_hal_rcc.o
HAL_RCC_GetPCLK1Freq                              ./Drivers/STM32L4xx_HAL_Driver/Src/stm32l4xx_hal_rcc.o
                                                  ./Drivers/STM32L4xx_HAL_Driver/Src/stm32l4xx_hal_rcc_ex.o
HAL_RCC_GetPCLK2Freq                              ./Drivers/STM32L4xx_HAL_Driver/Src/stm32l4xx_hal_rcc.o
                                                  ./Drivers/STM32L4xx_HAL_Driver/Src/stm32l4xx_hal_rcc_ex.o
HAL_RCC_GetResetSource                            ./Drivers/STM32L4xx_HAL_Driver/Src/stm32l4xx_hal_rcc.o
HAL_RCC_GetSysClockFreq                           ./Drivers/STM32L4xx_HAL_Driver/Src/stm32l4xx_hal_rcc.o
                                                  ./Drivers/STM32L4xx_HAL_Driver/Src/stm32l4xx_hal_rcc_ex.o
HAL_RCC_MCOConfig                                 ./Drivers/STM32L4xx_HAL_Driver/Src/stm32l4xx_hal_rcc.o
HAL_RCC_NMI_IRQHandler                            ./Drivers/STM32L4xx_HAL_Driver/Src/stm32l4xx_hal_rcc.o
HAL_RCC_OscConfig                                 ./Drivers/STM32L4xx_HAL_Driver/Src/stm32l4xx_hal_rcc.o
                                                  ./Core/Src/main.o
HAL_ResumeTick                                    ./Drivers/STM32L4xx_HAL_Driver/Src/stm32l4xx_hal.o
HAL_SYSCFG_DisableIOAnalogSwitchBooster           ./Drivers/STM32L4xx_HAL_Driver/Src/stm32l4xx_hal.o
HAL_SYSCFG_DisableMemorySwappingBank              ./Drivers/STM32L4xx_HAL_Driver/Src/stm32l4xx_hal.o
HAL_SYSCFG_EnableIOAnalogSwitchBooster            ./Drivers/STM32L4xx_HAL_Driver/Src/stm32l4xx_hal.o
HAL_SYSCFG_EnableMemorySwappingBank               ./Drivers/STM32L4xx_HAL_Driver/Src/stm32l4xx_hal.o
HAL_SYSCFG_SRAM2Erase                             ./Drivers/STM32L4xx_HAL_Driver/Src/stm32l4xx_hal.o
HAL_SYSTICK_CLKSourceConfig                       ./Drivers/STM32L4xx_HAL_Driver/Src/stm32l4xx_hal_cortex.o
HAL_SYSTICK_Callback                              ./Drivers/STM32L4xx_HAL_Driver/Src/stm32l4xx_hal_cortex.o
HAL_SYSTICK_Config                                ./Drivers/STM32L4xx_HAL_Driver/Src/stm32l4xx_hal_cortex.o
                                                  ./Drivers/STM32L4xx_HAL_Driver/Src/stm32l4xx_hal.o
HAL_SYSTICK_IRQHandler                            ./Drivers/STM32L4xx_HAL_Driver/Src/stm32l4xx_hal_cortex.o
HAL_SetTickFreq                                   ./Drivers/STM32L4xx_HAL_Driver/Src/stm32l4xx_hal.o
HAL_SuspendTick                                   ./Drivers/STM32L4xx_HAL_Driver/Src/stm32l4xx_hal.o
HardFault_Handler                                 ./Core/Src/stm32l4xx_it.o
I2C1_ER_IRQHandler                                ./Core/Startup/startup_stm32l432kcux.o
I2C1_EV_IRQHandler                                ./Core/Startup/startup_stm32l432kcux.o
I2C3_ER_IRQHandler                                ./Core/Startup/startup_stm32l432kcux.o
I2C3_EV_IRQHandler                                ./Core/Startup/startup_stm32l432kcux.o
LPTIM1_IRQHandler                                 ./Core/Startup/startup_stm32l432kcux.o
LPTIM2_IRQHandler                                 ./Core/Startup/startup_stm32l432kcux.o
LPUART1_IRQHandler                                ./Core/Startup/startup_stm32l432kcux.o
MSIRangeTable                                     ./Core/Src/system_stm32l4xx.o
                                                  ./Drivers/STM32L4xx_HAL_Driver/Src/stm32l4xx_hal_rcc_ex.o
                                                  ./Drivers/STM32L4xx_HAL_Driver/Src/stm32l4xx_hal_rcc.o
MemManage_Handler                                 ./Core/Src/stm32l4xx_it.o
NMI_Handler                                       ./Core/Src/stm32l4xx_it.o
PVD_PVM_IRQHandler                                ./Core/Startup/startup_stm32l432kcux.o
PendSV_Handler                                    ./Core/Src/stm32l4xx_it.o
QUADSPI_IRQHandler                                ./Core/Startup/startup_stm32l432kcux.o
RCC_IRQHandler                                    ./Core/Startup/startup_stm32l432kcux.o
RNG_IRQHandler                                    ./Core/Startup/startup_stm32l432kcux.o
RTC_Alarm_IRQHandler                              ./Core/Startup/startup_stm32l432kcux.o
RTC_WKUP_IRQHandler                               ./Core/Startup/startup_stm32l432kcux.o
Reset_Handler                                     ./Core/Startup/startup_stm32l432kcux.o
SAI1_IRQHandler                                   ./Core/Startup/startup_stm32l432kcux.o
SPI1_IRQHandler                                   ./Core/Startup/startup_stm32l432kcux.o
SPI3_IRQHandler                                   ./Core/Startup/startup_stm32l432kcux.o
SVC_Handler                                       ./Core/Src/stm32l4xx_it.o
SWPMI1_IRQHandler                                 ./Core/Startup/startup_stm32l432kcux.o
SysTick_Handler                                   ./Core/Src/stm32l4xx_it.o
SystemClock_Config                                ./Core/Src/main.o
SystemCoreClock                                   ./Core/Src/system_stm32l4xx.o
                                                  ./Drivers/STM32L4xx_HAL_Driver/Src/stm32l4xx_hal_rcc.o
                                                  ./Drivers/STM32L4xx_HAL_Driver/Src/stm32l4xx_hal_pwr_ex.o
                                                  ./Drivers/STM32L4xx_HAL_Driver/Src/stm32l4xx_hal.o
SystemCoreClockUpdate                             ./Core/Src/system_stm32l4xx.o
SystemInit                                        ./Core/Src/system_stm32l4xx.o
                                                  ./Core/Startup/startup_stm32l432kcux.o
TAMP_STAMP_IRQHandler                             ./Core/Startup/startup_stm32l432kcux.o
TIM1_BRK_TIM15_IRQHandler                         ./Core/Startup/startup_stm32l432kcux.o
TIM1_CC_IRQHandler                                ./Core/Startup/startup_stm32l432kcux.o
TIM1_TRG_COM_IRQHandler                           ./Core/Startup/startup_stm32l432kcux.o
TIM1_UP_TIM16_IRQHandler                          ./Core/Startup/startup_stm32l432kcux.o
TIM2_IRQHandler                                   ./Core/Startup/startup_stm32l432kcux.o
TIM6_DAC_IRQHandler                               ./Core/Startup/startup_stm32l432kcux.o
TIM7_IRQHandler                                   ./Core/Startup/startup_stm32l432kcux.o
TSC_IRQHandler                                    ./Core/Startup/startup_stm32l432kcux.o
USART1_IRQHandler                                 ./Core/Startup/startup_stm32l432kcux.o
USART2_IRQHandler                                 ./Core/Startup/startup_stm32l432kcux.o
USB_IRQHandler                                    ./Core/Startup/startup_stm32l432kcux.o
UsageFault_Handler                                ./Core/Src/stm32l4xx_it.o
WWDG_IRQHandler                                   ./Core/Startup/startup_stm32l432kcux.o
_Min_Stack_Size                                   ./Core/Src/sysmem.o
__bss_end__                                       c:/st/stm32cubeide_1.12.1/stm32cubeide/plugins/com.st.stm32cube.ide.mcu.externaltools.gnu-tools-for-stm32.10.3-2021.10.win32_1.0.200.202301161003/tools/bin/../lib/gcc/arm-none-eabi/10.3.1/../../../../arm-none-eabi/lib/thumb/v7e-m+fp/hard/crt0.o
__bss_start__                                     c:/st/stm32cubeide_1.12.1/stm32cubeide/plugins/com.st.stm32cube.ide.mcu.externaltools.gnu-tools-for-stm32.10.3-2021.10.win32_1.0.200.202301161003/tools/bin/../lib/gcc/arm-none-eabi/10.3.1/../../../../arm-none-eabi/lib/thumb/v7e-m+fp/hard/crt0.o
__call_exitprocs                                  c:/st/stm32cubeide_1.12.1/stm32cubeide/plugins/com.st.stm32cube.ide.mcu.externaltools.gnu-tools-for-stm32.10.3-2021.10.win32_1.0.200.202301161003/tools/bin/../lib/gcc/arm-none-eabi/10.3.1/../../../../arm-none-eabi/lib/thumb/v7e-m+fp/hard\libc_nano.a(lib_a-exit.o)
__deregister_frame_info                           c:/st/stm32cubeide_1.12.1/stm32cubeide/plugins/com.st.stm32cube.ide.mcu.externaltools.gnu-tools-for-stm32.10.3-2021.10.win32_1.0.200.202301161003/tools/bin/../lib/gcc/arm-none-eabi/10.3.1/thumb/v7e-m+fp/hard/crtbegin.o
__dso_handle                                      c:/st/stm32cubeide_1.12.1/stm32cubeide/plugins/com.st.stm32cube.ide.mcu.externaltools.gnu-tools-for-stm32.10.3-2021.10.win32_1.0.200.202301161003/tools/bin/../lib/gcc/arm-none-eabi/10.3.1/thumb/v7e-m+fp/hard/crtbegin.o
__env                                             ./Core/Src/syscalls.o
__errno                                           c:/st/stm32cubeide_1.12.1/stm32cubeide/plugins/com.st.stm32cube.ide.mcu.externaltools.gnu-tools-for-stm32.10.3-2021.10.win32_1.0.200.202301161003/tools/bin/../lib/gcc/arm-none-eabi/10.3.1/../../../../arm-none-eabi/lib/thumb/v7e-m+fp/hard\libc_nano.a(lib_a-errno.o)
                                                  ./Core/Src/sysmem.o
                                                  ./Core/Src/syscalls.o
__init_array_end                                  c:/st/stm32cubeide_1.12.1/stm32cubeide/plugins/com.st.stm32cube.ide.mcu.externaltools.gnu-tools-for-stm32.10.3-2021.10.win32_1.0.200.202301161003/tools/bin/../lib/gcc/arm-none-eabi/10.3.1/../../../../arm-none-eabi/lib/thumb/v7e-m+fp/hard\libc_nano.a(lib_a-init.o)
__init_array_start                                c:/st/stm32cubeide_1.12.1/stm32cubeide/plugins/com.st.stm32cube.ide.mcu.externaltools.gnu-tools-for-stm32.10.3-2021.10.win32_1.0.200.202301161003/tools/bin/../lib/gcc/arm-none-eabi/10.3.1/../../../../arm-none-eabi/lib/thumb/v7e-m+fp/hard\libc_nano.a(lib_a-init.o)
__io_getchar                                      ./Core/Src/syscalls.o
__io_putchar                                      ./Core/Src/syscalls.o
__libc_fini_array                                 c:/st/stm32cubeide_1.12.1/stm32cubeide/plugins/com.st.stm32cube.ide.mcu.externaltools.gnu-tools-for-stm32.10.3-2021.10.win32_1.0.200.202301161003/tools/bin/../lib/gcc/arm-none-eabi/10.3.1/../../../../arm-none-eabi/lib/thumb/v7e-m+fp/hard/crt0.o
__libc_init_array                                 c:/st/stm32cubeide_1.12.1/stm32cubeide/plugins/com.st.stm32cube.ide.mcu.externaltools.gnu-tools-for-stm32.10.3-2021.10.win32_1.0.200.202301161003/tools/bin/../lib/gcc/arm-none-eabi/10.3.1/../../../../arm-none-eabi/lib/thumb/v7e-m+fp/hard\libc_nano.a(lib_a-init.o)
                                                  ./Core/Startup/startup_stm32l432kcux.o
                                                  c:/st/stm32cubeide_1.12.1/stm32cubeide/plugins/com.st.stm32cube.ide.mcu.externaltools.gnu-tools-for-stm32.10.3-2021.10.win32_1.0.200.202301161003/tools/bin/../lib/gcc/arm-none-eabi/10.3.1/../../../../arm-none-eabi/lib/thumb/v7e-m+fp/hard/crt0.o
__preinit_array_end                               c:/st/stm32cubeide_1.12.1/stm32cubeide/plugins/com.st.stm32cube.ide.mcu.externaltools.gnu-tools-for-stm32.10.3-2021.10.win32_1.0.200.202301161003/tools/bin/../lib/gcc/arm-none-eabi/10.3.1/../../../../arm-none-eabi/lib/thumb/v7e-m+fp/hard\libc_nano.a(lib_a-init.o)
__preinit_array_start                             c:/st/stm32cubeide_1.12.1/stm32cubeide/plugins/com.st.stm32cube.ide.mcu.externaltools.gnu-tools-for-stm32.10.3-2021.10.win32_1.0.200.202301161003/tools/bin/../lib/gcc/arm-none-eabi/10.3.1/../../../../arm-none-eabi/lib/thumb/v7e-m+fp/hard\libc_nano.a(lib_a-init.o)
__register_frame_info                             c:/st/stm32cubeide_1.12.1/stm32cubeide/plugins/com.st.stm32cube.ide.mcu.externaltools.gnu-tools-for-stm32.10.3-2021.10.win32_1.0.200.202301161003/tools/bin/../lib/gcc/arm-none-eabi/10.3.1/thumb/v7e-m+fp/hard/crtbegin.o
__sf_fake_stderr                                  c:/st/stm32cubeide_1.12.1/stm32cubeide/plugins/com.st.stm32cube.ide.mcu.externaltools.gnu-tools-for-stm32.10.3-2021.10.win32_1.0.200.202301161003/tools/bin/../lib/gcc/arm-none-eabi/10.3.1/../../../../arm-none-eabi/lib/thumb/v7e-m+fp/hard\libc_nano.a(lib_a-impure.o)
__sf_fake_stdin                                   c:/st/stm32cubeide_1.12.1/stm32cubeide/plugins/com.st.stm32cube.ide.mcu.externaltools.gnu-tools-for-stm32.10.3-2021.10.win32_1.0.200.202301161003/tools/bin/../lib/gcc/arm-none-eabi/10.3.1/../../../../arm-none-eabi/lib/thumb/v7e-m+fp/hard\libc_nano.a(lib_a-impure.o)
__sf_fake_stdout                                  c:/st/stm32cubeide_1.12.1/stm32cubeide/plugins/com.st.stm32cube.ide.mcu.externaltools.gnu-tools-for-stm32.10.3-2021.10.win32_1.0.200.202301161003/tools/bin/../lib/gcc/arm-none-eabi/10.3.1/../../../../arm-none-eabi/lib/thumb/v7e-m+fp/hard\libc_nano.a(lib_a-impure.o)
__stack                                           c:/st/stm32cubeide_1.12.1/stm32cubeide/plugins/com.st.stm32cube.ide.mcu.externaltools.gnu-tools-for-stm32.10.3-2021.10.win32_1.0.200.202301161003/tools/bin/../lib/gcc/arm-none-eabi/10.3.1/../../../../arm-none-eabi/lib/thumb/v7e-m+fp/hard/crt0.o
_close                                            ./Core/Src/syscalls.o
_ebss                                             ./Core/Startup/startup_stm32l432kcux.o
_edata                                            ./Core/Startup/startup_stm32l432kcux.o
_end                                              ./Core/Src/sysmem.o
_estack                                           ./Core/Startup/startup_stm32l432kcux.o
                                                  ./Core/Src/sysmem.o
_execve                                           ./Core/Src/syscalls.o
_exit                                             ./Core/Src/syscalls.o
                                                  c:/st/stm32cubeide_1.12.1/stm32cubeide/plugins/com.st.stm32cube.ide.mcu.externaltools.gnu-tools-for-stm32.10.3-2021.10.win32_1.0.200.202301161003/tools/bin/../lib/gcc/arm-none-eabi/10.3.1/../../../../arm-none-eabi/lib/thumb/v7e-m+fp/hard\libc_nano.a(lib_a-exit.o)
_fini                                             c:/st/stm32cubeide_1.12.1/stm32cubeide/plugins/com.st.stm32cube.ide.mcu.externaltools.gnu-tools-for-stm32.10.3-2021.10.win32_1.0.200.202301161003/tools/bin/../lib/gcc/arm-none-eabi/10.3.1/thumb/v7e-m+fp/hard/crti.o
_fork                                             ./Core/Src/syscalls.o
_fstat                                            ./Core/Src/syscalls.o
_getpid                                           ./Core/Src/syscalls.o
_global_impure_ptr                                c:/st/stm32cubeide_1.12.1/stm32cubeide/plugins/com.st.stm32cube.ide.mcu.externaltools.gnu-tools-for-stm32.10.3-2021.10.win32_1.0.200.202301161003/tools/bin/../lib/gcc/arm-none-eabi/10.3.1/../../../../arm-none-eabi/lib/thumb/v7e-m+fp/hard\libc_nano.a(lib_a-impure.o)
                                                  c:/st/stm32cubeide_1.12.1/stm32cubeide/plugins/com.st.stm32cube.ide.mcu.externaltools.gnu-tools-for-stm32.10.3-2021.10.win32_1.0.200.202301161003/tools/bin/../lib/gcc/arm-none-eabi/10.3.1/../../../../arm-none-eabi/lib/thumb/v7e-m+fp/hard\libc_nano.a(lib_a-exit.o)
_impure_ptr                                       c:/st/stm32cubeide_1.12.1/stm32cubeide/plugins/com.st.stm32cube.ide.mcu.externaltools.gnu-tools-for-stm32.10.3-2021.10.win32_1.0.200.202301161003/tools/bin/../lib/gcc/arm-none-eabi/10.3.1/../../../../arm-none-eabi/lib/thumb/v7e-m+fp/hard\libc_nano.a(lib_a-impure.o)
                                                  c:/st/stm32cubeide_1.12.1/stm32cubeide/plugins/com.st.stm32cube.ide.mcu.externaltools.gnu-tools-for-stm32.10.3-2021.10.win32_1.0.200.202301161003/tools/bin/../lib/gcc/arm-none-eabi/10.3.1/../../../../arm-none-eabi/lib/thumb/v7e-m+fp/hard\libc_nano.a(lib_a-errno.o)
_init                                             c:/st/stm32cubeide_1.12.1/stm32cubeide/plugins/com.st.stm32cube.ide.mcu.externaltools.gnu-tools-for-stm32.10.3-2021.10.win32_1.0.200.202301161003/tools/bin/../lib/gcc/arm-none-eabi/10.3.1/thumb/v7e-m+fp/hard/crti.o
                                                  c:/st/stm32cubeide_1.12.1/stm32cubeide/plugins/com.st.stm32cube.ide.mcu.externaltools.gnu-tools-for-stm32.10.3-2021.10.win32_1.0.200.202301161003/tools/bin/../lib/gcc/arm-none-eabi/10.3.1/../../../../arm-none-eabi/lib/thumb/v7e-m+fp/hard\libc_nano.a(lib_a-init.o)
_isatty                                           ./Core/Src/syscalls.o
_kill                                             ./Core/Src/syscalls.o
_link                                             ./Core/Src/syscalls.o
_lseek                                            ./Core/Src/syscalls.o
_mainCRTStartup                                   c:/st/stm32cubeide_1.12.1/stm32cubeide/plugins/com.st.stm32cube.ide.mcu.externaltools.gnu-tools-for-stm32.10.3-2021.10.win32_1.0.200.202301161003/tools/bin/../lib/gcc/arm-none-eabi/10.3.1/../../../../arm-none-eabi/lib/thumb/v7e-m+fp/hard/crt0.o
_open                                             ./Core/Src/syscalls.o
_read                                             ./Core/Src/syscalls.o
_sbrk                                             ./Core/Src/sysmem.o
_sbss                                             ./Core/Startup/startup_stm32l432kcux.o
_sdata                                            ./Core/Startup/startup_stm32l432kcux.o
_sidata                                           ./Core/Startup/startup_stm32l432kcux.o
_stack_init                                       c:/st/stm32cubeide_1.12.1/stm32cubeide/plugins/com.st.stm32cube.ide.mcu.externaltools.gnu-tools-for-stm32.10.3-2021.10.win32_1.0.200.202301161003/tools/bin/../lib/gcc/arm-none-eabi/10.3.1/../../../../arm-none-eabi/lib/thumb/v7e-m+fp/hard/crt0.o
_start                                            c:/st/stm32cubeide_1.12.1/stm32cubeide/plugins/com.st.stm32cube.ide.mcu.externaltools.gnu-tools-for-stm32.10.3-2021.10.win32_1.0.200.202301161003/tools/bin/../lib/gcc/arm-none-eabi/10.3.1/../../../../arm-none-eabi/lib/thumb/v7e-m+fp/hard/crt0.o
_stat                                             ./Core/Src/syscalls.o
_times                                            ./Core/Src/syscalls.o
_unlink                                           ./Core/Src/syscalls.o
_wait                                             ./Core/Src/syscalls.o
_write                                            ./Core/Src/syscalls.o
atexit                                            c:/st/stm32cubeide_1.12.1/stm32cubeide/plugins/com.st.stm32cube.ide.mcu.externaltools.gnu-tools-for-stm32.10.3-2021.10.win32_1.0.200.202301161003/tools/bin/../lib/gcc/arm-none-eabi/10.3.1/../../../../arm-none-eabi/lib/thumb/v7e-m+fp/hard/crt0.o
blinky                                            ./Core/Src/main.o
environ                                           ./Core/Src/syscalls.o
exit                                              c:/st/stm32cubeide_1.12.1/stm32cubeide/plugins/com.st.stm32cube.ide.mcu.externaltools.gnu-tools-for-stm32.10.3-2021.10.win32_1.0.200.202301161003/tools/bin/../lib/gcc/arm-none-eabi/10.3.1/../../../../arm-none-eabi/lib/thumb/v7e-m+fp/hard\libc_nano.a(lib_a-exit.o)
                                                  c:/st/stm32cubeide_1.12.1/stm32cubeide/plugins/com.st.stm32cube.ide.mcu.externaltools.gnu-tools-for-stm32.10.3-2021.10.win32_1.0.200.202301161003/tools/bin/../lib/gcc/arm-none-eabi/10.3.1/../../../../arm-none-eabi/lib/thumb/v7e-m+fp/hard/crt0.o
g_pfnVectors                                      ./Core/Startup/startup_stm32l432kcux.o
hardware_init_hook                                c:/st/stm32cubeide_1.12.1/stm32cubeide/plugins/com.st.stm32cube.ide.mcu.externaltools.gnu-tools-for-stm32.10.3-2021.10.win32_1.0.200.202301161003/tools/bin/../lib/gcc/arm-none-eabi/10.3.1/../../../../arm-none-eabi/lib/thumb/v7e-m+fp/hard/crt0.o
initialise_monitor_handles                        ./Core/Src/syscalls.o
main                                              ./Core/Src/main.o
                                                  ./Core/Startup/startup_stm32l432kcux.o
                                                  c:/st/stm32cubeide_1.12.1/stm32cubeide/plugins/com.st.stm32cube.ide.mcu.externaltools.gnu-tools-for-stm32.10.3-2021.10.win32_1.0.200.202301161003/tools/bin/../lib/gcc/arm-none-eabi/10.3.1/../../../../arm-none-eabi/lib/thumb/v7e-m+fp/hard/crt0.o
memset                                            c:/st/stm32cubeide_1.12.1/stm32cubeide/plugins/com.st.stm32cube.ide.mcu.externaltools.gnu-tools-for-stm32.10.3-2021.10.win32_1.0.200.202301161003/tools/bin/../lib/gcc/arm-none-eabi/10.3.1/../../../../arm-none-eabi/lib/thumb/v7e-m+fp/hard\libc_nano.a(lib_a-memset.o)
                                                  ./Core/Src/main.o
                                                  c:/st/stm32cubeide_1.12.1/stm32cubeide/plugins/com.st.stm32cube.ide.mcu.externaltools.gnu-tools-for-stm32.10.3-2021.10.win32_1.0.200.202301161003/tools/bin/../lib/gcc/arm-none-eabi/10.3.1/../../../../arm-none-eabi/lib/thumb/v7e-m+fp/hard/crt0.o
pFlash                                            ./Drivers/STM32L4xx_HAL_Driver/Src/stm32l4xx_hal_flash.o
                                                  ./Drivers/STM32L4xx_HAL_Driver/Src/stm32l4xx_hal_flash_ex.o
software_init_hook                                c:/st/stm32cubeide_1.12.1/stm32cubeide/plugins/com.st.stm32cube.ide.mcu.externaltools.gnu-tools-for-stm32.10.3-2021.10.win32_1.0.200.202301161003/tools/bin/../lib/gcc/arm-none-eabi/10.3.1/../../../../arm-none-eabi/lib/thumb/v7e-m+fp/hard/crt0.o
uwTick                                            ./Drivers/STM32L4xx_HAL_Driver/Src/stm32l4xx_hal.o
uwTickFreq                                        ./Drivers/STM32L4xx_HAL_Driver/Src/stm32l4xx_hal.o
uwTickPrio                                        ./Drivers/STM32L4xx_HAL_Driver/Src/stm32l4xx_hal.o
                                                  ./Drivers/STM32L4xx_HAL_Driver/Src/stm32l4xx_hal_rcc.o
