13:14:14 **** Build of configuration Debug for project blinky ****
make -j16 all 
arm-none-eabi-gcc "../Core/Src/main.c" -mcpu=cortex-m4 -std=gnu11 -g3 -DDEBUG -DUSE_HAL_DRIVER -DSTM32L432xx -c -I../Core/Inc -I../Drivers/STM32L4xx_HAL_Driver/Inc -I../Drivers/STM32L4xx_HAL_Driver/Inc/Legacy -I../Drivers/CMSIS/Device/ST/STM32L4xx/Include -I../Drivers/CMSIS/Include -O0 -ffunction-sections -fdata-sections -Wall -fstack-usage -fcyclomatic-complexity -MMD -MP -MF"Core/Src/main.d" -MT"Core/Src/main.o" --specs=nano.specs -mfpu=fpv4-sp-d16 -mfloat-abi=hard -mthumb -o "Core/Src/main.o"
arm-none-eabi-gcc -o "blinky.elf" @"objects.list"   -mcpu=cortex-m4 -T"C:\Users\GAMING\STM32CubeIDE\workspace_1.12.1\blinky\STM32L432KCUX_FLASH.ld" --specs=nosys.specs -Wl,-Map="blinky.map" -Wl,--cref -Wl,--gc-sections -static --specs=nano.specs -mfpu=fpv4-sp-d16 -mfloat-abi=hard -mthumb -Wl,--start-group -lc -lm -Wl,--end-group
Finished building target: blinky.elf
 
arm-none-eabi-size   blinky.elf 
arm-none-eabi-objdump -h -S  blinky.elf  > "blinky.list"
arm-none-eabi-objcopy  -O ihex  blinky.elf  "blinky.hex"
arm-none-eabi-objcopy  -O binary  blinky.elf  "blinky.bin"
   text	   data	    bss	    dec	    hex	filename
   5968	     20	   1572	   7560	   1d88	blinky.elf
Finished building: default.size.stdout
 
Finished building: blinky.bin
Finished building: blinky.hex
Finished building: blinky.list
 
 
 

13:14:16 Build Finished. 0 errors, 0 warnings. (took 1s.604ms)

