14:48:13 **** Incremental Build of configuration Debug for project complex-example ****
make -j16 all 
arm-none-eabi-gcc "../Core/Src/main.c" -mcpu=cortex-m4 -std=gnu11 -g3 -DDEBUG -DUSE_HAL_DRIVER -DSTM32L432xx -c -I../Core/Inc -I../Drivers/STM32L4xx_HAL_Driver/Inc -I../Drivers/STM32L4xx_HAL_Driver/Inc/Legacy -I../Drivers/CMSIS/Device/ST/STM32L4xx/Include -I../Drivers/CMSIS/Include -O0 -ffunction-sections -fdata-sections -Wall -fstack-usage -fcyclomatic-complexity -MMD -MP -MF"Core/Src/main.d" -MT"Core/Src/main.o" --specs=nano.specs -mfpu=fpv4-sp-d16 -mfloat-abi=hard -mthumb -o "Core/Src/main.o"
../Core/Src/main.c: In function 'calculator':
../Core/Src/main.c:233:2: warning: implicit declaration of function 'sprintf' [-Wimplicit-function-declaration]
  233 |  sprintf(buf, "%f + %f = %f\n", a,b, add(a,b));
      |  ^~~~~~~
../Core/Src/main.c:233:2: warning: incompatible implicit declaration of built-in function 'sprintf'
../Core/Src/main.c:21:1: note: include '<stdio.h>' or provide a declaration of 'sprintf'
   20 | #include "main.h"
  +++ |+#include <stdio.h>
   21 | 
../Core/Src/main.c:234:34: warning: implicit declaration of function 'strlen' [-Wimplicit-function-declaration]
  234 |  HAL_UART_Transmit(&huart1, buf, strlen(buf), 100);
      |                                  ^~~~~~
../Core/Src/main.c:234:34: warning: incompatible implicit declaration of built-in function 'strlen'
../Core/Src/main.c:21:1: note: include '<string.h>' or provide a declaration of 'strlen'
   20 | #include "main.h"
  +++ |+#include <string.h>
   21 | 
../Core/Src/main.c:234:29: warning: pointer targets in passing argument 2 of 'HAL_UART_Transmit' differ in signedness [-Wpointer-sign]
  234 |  HAL_UART_Transmit(&huart1, buf, strlen(buf), 100);
      |                             ^~~
      |                             |
      |                             char *
In file included from ../Core/Inc/stm32l4xx_hal_conf.h:450,
                 from ../Drivers/STM32L4xx_HAL_Driver/Inc/stm32l4xx_hal.h:29,
                 from ../Core/Inc/main.h:30,
                 from ../Core/Src/main.c:20:
../Drivers/STM32L4xx_HAL_Driver/Inc/stm32l4xx_hal_uart.h:1674:79: note: expected 'const uint8_t *' {aka 'const unsigned char *'} but argument is of type 'char *'
 1674 | HAL_StatusTypeDef HAL_UART_Transmit(UART_HandleTypeDef *huart, const uint8_t *pData, uint16_t Size, uint32_t Timeout);
      |                                                                ~~~~~~~~~~~~~~~^~~~~
../Core/Src/main.c:238:29: warning: pointer targets in passing argument 2 of 'HAL_UART_Transmit' differ in signedness [-Wpointer-sign]
  238 |  HAL_UART_Transmit(&huart1, buf, strlen(buf), 100);
      |                             ^~~
      |                             |
      |                             char *
In file included from ../Core/Inc/stm32l4xx_hal_conf.h:450,
                 from ../Drivers/STM32L4xx_HAL_Driver/Inc/stm32l4xx_hal.h:29,
                 from ../Core/Inc/main.h:30,
                 from ../Core/Src/main.c:20:
../Drivers/STM32L4xx_HAL_Driver/Inc/stm32l4xx_hal_uart.h:1674:79: note: expected 'const uint8_t *' {aka 'const unsigned char *'} but argument is of type 'char *'
 1674 | HAL_StatusTypeDef HAL_UART_Transmit(UART_HandleTypeDef *huart, const uint8_t *pData, uint16_t Size, uint32_t Timeout);
      |                                                                ~~~~~~~~~~~~~~~^~~~~
../Core/Src/main.c:242:29: warning: pointer targets in passing argument 2 of 'HAL_UART_Transmit' differ in signedness [-Wpointer-sign]
  242 |  HAL_UART_Transmit(&huart1, buf, strlen(buf), 100);
      |                             ^~~
      |                             |
      |                             char *
In file included from ../Core/Inc/stm32l4xx_hal_conf.h:450,
                 from ../Drivers/STM32L4xx_HAL_Driver/Inc/stm32l4xx_hal.h:29,
                 from ../Core/Inc/main.h:30,
                 from ../Core/Src/main.c:20:
../Drivers/STM32L4xx_HAL_Driver/Inc/stm32l4xx_hal_uart.h:1674:79: note: expected 'const uint8_t *' {aka 'const unsigned char *'} but argument is of type 'char *'
 1674 | HAL_StatusTypeDef HAL_UART_Transmit(UART_HandleTypeDef *huart, const uint8_t *pData, uint16_t Size, uint32_t Timeout);
      |                                                                ~~~~~~~~~~~~~~~^~~~~
../Core/Src/main.c:246:29: warning: pointer targets in passing argument 2 of 'HAL_UART_Transmit' differ in signedness [-Wpointer-sign]
  246 |  HAL_UART_Transmit(&huart1, buf, strlen(buf), 100);
      |                             ^~~
      |                             |
      |                             char *
In file included from ../Core/Inc/stm32l4xx_hal_conf.h:450,
                 from ../Drivers/STM32L4xx_HAL_Driver/Inc/stm32l4xx_hal.h:29,
                 from ../Core/Inc/main.h:30,
                 from ../Core/Src/main.c:20:
../Drivers/STM32L4xx_HAL_Driver/Inc/stm32l4xx_hal_uart.h:1674:79: note: expected 'const uint8_t *' {aka 'const unsigned char *'} but argument is of type 'char *'
 1674 | HAL_StatusTypeDef HAL_UART_Transmit(UART_HandleTypeDef *huart, const uint8_t *pData, uint16_t Size, uint32_t Timeout);
      |                                                                ~~~~~~~~~~~~~~~^~~~~
../Core/Src/main.c:232:8: warning: unused variable 'ans' [-Wunused-variable]
  232 |  float ans = 0;
      |        ^~~
arm-none-eabi-gcc -o "complex-example.elf" @"objects.list"   -mcpu=cortex-m4 -T"C:\Users\GAMING\STM32CubeIDE\workspace_1.12.1\complex-example\STM32L432KCUX_FLASH.ld" --specs=nosys.specs -Wl,-Map="complex-example.map" -Wl,--cref -Wl,--gc-sections -static --specs=nano.specs -mfpu=fpv4-sp-d16 -mfloat-abi=hard -mthumb -u _printf_float -Wl,--start-group -lc -lm -Wl,--end-group
Finished building target: complex-example.elf
 
arm-none-eabi-size   complex-example.elf 
arm-none-eabi-objdump -h -S  complex-example.elf  > "complex-example.list"
arm-none-eabi-objcopy  -O ihex  complex-example.elf  "complex-example.hex"
   text	   data	    bss	    dec	    hex	filename
  28224	    484	   1852	  30560	   7760	complex-example.elf
arm-none-eabi-objcopy  -O binary  complex-example.elf  "complex-example.bin"
Finished building: default.size.stdout
 
Finished building: complex-example.hex
Finished building: complex-example.bin
 
 
Finished building: complex-example.list
 
12:20:06 **** Build of configuration Debug for project OTA-FW ****
make -j16 all 
arm-none-eabi-gcc "../Core/Src/main.c" -mcpu=cortex-m4 -std=gnu11 -g3 -DDEBUG -DUSE_HAL_DRIVER -DSTM32L432xx -c -I../Core/Inc -I../Drivers/STM32L4xx_HAL_Driver/Inc -I../Drivers/STM32L4xx_HAL_Driver/Inc/Legacy -I../Drivers/CMSIS/Device/ST/STM32L4xx/Include -I../Drivers/CMSIS/Include -O0 -ffunction-sections -fdata-sections -Wall -fstack-usage -fcyclomatic-complexity -MMD -MP -MF"Core/Src/main.d" -MT"Core/Src/main.o" --specs=nano.specs -mfpu=fpv4-sp-d16 -mfloat-abi=hard -mthumb -o "Core/Src/main.o"
arm-none-eabi-gcc "../Core/Src/stm32l4xx_hal_msp.c" -mcpu=cortex-m4 -std=gnu11 -g3 -DDEBUG -DUSE_HAL_DRIVER -DSTM32L432xx -c -I../Core/Inc -I../Drivers/STM32L4xx_HAL_Driver/Inc -I../Drivers/STM32L4xx_HAL_Driver/Inc/Legacy -I../Drivers/CMSIS/Device/ST/STM32L4xx/Include -I../Drivers/CMSIS/Include -O0 -ffunction-sections -fdata-sections -Wall -fstack-usage -fcyclomatic-complexity -MMD -MP -MF"Core/Src/stm32l4xx_hal_msp.d" -MT"Core/Src/stm32l4xx_hal_msp.o" --specs=nano.specs -mfpu=fpv4-sp-d16 -mfloat-abi=hard -mthumb -o "Core/Src/stm32l4xx_hal_msp.o"
arm-none-eabi-gcc "../Core/Src/stm32l4xx_it.c" -mcpu=cortex-m4 -std=gnu11 -g3 -DDEBUG -DUSE_HAL_DRIVER -DSTM32L432xx -c -I../Core/Inc -I../Drivers/STM32L4xx_HAL_Driver/Inc -I../Drivers/STM32L4xx_HAL_Driver/Inc/Legacy -I../Drivers/CMSIS/Device/ST/STM32L4xx/Include -I../Drivers/CMSIS/Include -O0 -ffunction-sections -fdata-sections -Wall -fstack-usage -fcyclomatic-complexity -MMD -MP -MF"Core/Src/stm32l4xx_it.d" -MT"Core/Src/stm32l4xx_it.o" --specs=nano.specs -mfpu=fpv4-sp-d16 -mfloat-abi=hard -mthumb -o "Core/Src/stm32l4xx_it.o"
../Core/Src/main.c: In function 'FW_Upgrade':
../Core/Src/main.c:318:18: warning: pointer targets in passing argument 1 of 'atoi' differ in signedness [-Wpointer-sign]
  318 |    app_sz = atoi(transaction_buf);
      |                  ^~~~~~~~~~~~~~~
      |                  |
      |                  uint8_t * {aka unsigned char *}
In file included from ../Core/Inc/main.h:36,
                 from ../Core/Src/main.c:20:
c:\st\stm32cubeide_1.12.1\stm32cubeide\plugins\com.st.stm32cube.ide.mcu.externaltools.gnu-tools-for-stm32.10.3-2021.10.win32_1.0.200.202301161003\tools\arm-none-eabi\include\stdlib.h:81:23: note: expected 'const char *' but argument is of type 'uint8_t *' {aka 'unsigned char *'}
   81 | int atoi (const char *__nptr);
      |           ~~~~~~~~~~~~^~~~~~
../Core/Src/main.c:309:20: warning: variable 'ret_code' set but not used [-Wunused-but-set-variable]
  309 |  HAL_StatusTypeDef ret_code = HAL_OK;
      |                    ^~~~~~~~
../Core/Src/main.c:307:11: warning: variable 'chars_read' set but not used [-Wunused-but-set-variable]
  307 |  uint16_t chars_read = 0;
      |           ^~~~~~~~~~
../Core/Src/main.c: In function 'Delta_FW_Upgrade':
../Core/Src/main.c:366:23: warning: pointer targets in passing argument 1 of 'atoi' differ in signedness [-Wpointer-sign]
  366 |     start_page = atoi(transaction_buf);
      |                       ^~~~~~~~~~~~~~~
      |                       |
      |                       uint8_t * {aka unsigned char *}
In file included from ../Core/Inc/main.h:36,
                 from ../Core/Src/main.c:20:
c:\st\stm32cubeide_1.12.1\stm32cubeide\plugins\com.st.stm32cube.ide.mcu.externaltools.gnu-tools-for-stm32.10.3-2021.10.win32_1.0.200.202301161003\tools\arm-none-eabi\include\stdlib.h:81:23: note: expected 'const char *' but argument is of type 'uint8_t *' {aka 'unsigned char *'}
   81 | int atoi (const char *__nptr);
      |           ~~~~~~~~~~~~^~~~~~
../Core/Src/main.c:371:19: warning: pointer targets in passing argument 1 of 'atoi' differ in signedness [-Wpointer-sign]
  371 |     offset = atoi(transaction_buf);
      |                   ^~~~~~~~~~~~~~~
      |                   |
      |                   uint8_t * {aka unsigned char *}
In file included from ../Core/Inc/main.h:36,
                 from ../Core/Src/main.c:20:
c:\st\stm32cubeide_1.12.1\stm32cubeide\plugins\com.st.stm32cube.ide.mcu.externaltools.gnu-tools-for-stm32.10.3-2021.10.win32_1.0.200.202301161003\tools\arm-none-eabi\include\stdlib.h:81:23: note: expected 'const char *' but argument is of type 'uint8_t *' {aka 'unsigned char *'}
   81 | int atoi (const char *__nptr);
      |           ~~~~~~~~~~~~^~~~~~
../Core/Src/main.c:376:21: warning: pointer targets in passing argument 1 of 'atoi' differ in signedness [-Wpointer-sign]
  376 |     delta_sz = atoi(transaction_buf);
      |                     ^~~~~~~~~~~~~~~
      |                     |
      |                     uint8_t * {aka unsigned char *}
In file included from ../Core/Inc/main.h:36,
                 from ../Core/Src/main.c:20:
c:\st\stm32cubeide_1.12.1\stm32cubeide\plugins\com.st.stm32cube.ide.mcu.externaltools.gnu-tools-for-stm32.10.3-2021.10.win32_1.0.200.202301161003\tools\arm-none-eabi\include\stdlib.h:81:23: note: expected 'const char *' but argument is of type 'uint8_t *' {aka 'unsigned char *'}
   81 | int atoi (const char *__nptr);
      |           ~~~~~~~~~~~~^~~~~~
../Core/Src/main.c:386:26: warning: passing argument 2 of 'memcpy' makes pointer from integer without a cast [-Wint-conversion]
  386 |      memcpy(page_buffer, page_start_addr, MAX_BLOCK_SZ);
      |                          ^~~~~~~~~~~~~~~
      |                          |
      |                          uint32_t {aka long unsigned int}
In file included from ../Core/Inc/main.h:35,
                 from ../Core/Src/main.c:20:
c:\st\stm32cubeide_1.12.1\stm32cubeide\plugins\com.st.stm32cube.ide.mcu.externaltools.gnu-tools-for-stm32.10.3-2021.10.win32_1.0.200.202301161003\tools\arm-none-eabi\include\string.h:31:35: note: expected 'const void * restrict' but argument is of type 'uint32_t' {aka 'long unsigned int'}
   31 | void *  memcpy (void *__restrict, const void *__restrict, size_t);
      |                                   ^
../Core/Src/main.c:359:20: warning: variable 'ret_code' set but not used [-Wunused-but-set-variable]
  359 |  HAL_StatusTypeDef ret_code = HAL_OK;
      |                    ^~~~~~~~
../Core/Src/main.c:357:11: warning: variable 'chars_read' set but not used [-Wunused-but-set-variable]
  357 |  uint16_t chars_read = 0;
      |           ^~~~~~~~~~
../Core/Src/main.c: In function 'flash_mass_erase':
../Core/Src/main.c:454:20: warning: variable 'code' set but not used [-Wunused-but-set-variable]
  454 |  HAL_StatusTypeDef code;
      |                    ^~~~
arm-none-eabi-gcc -o "OTA-FW.elf" @"objects.list"   -mcpu=cortex-m4 -T"C:\Users\GAMING\STM32CubeIDE\workspace_1.12.1\OTA-FW\STM32L432KCUX_FLASH.ld" --specs=nosys.specs -Wl,-Map="OTA-FW.map" -Wl,--gc-sections -static --specs=nano.specs -mfpu=fpv4-sp-d16 -mfloat-abi=hard -mthumb -Wl,--start-group -lc -lm -Wl,--end-group
Finished building target: OTA-FW.elf
 
arm-none-eabi-size   OTA-FW.elf 
arm-none-eabi-objdump -h -S  OTA-FW.elf  > "OTA-FW.list"
   text	   data	    bss	    dec	    hex	filename
  15372	    152	   3784	  19308	   4b6c	OTA-FW.elf
Finished building: default.size.stdout
 
Finished building: OTA-FW.list
 
12:20:57 **** Incremental Build of configuration Debug for project OTA-FW ****
make -j16 all 
arm-none-eabi-size   OTA-FW.elf 
   text	   data	    bss	    dec	    hex	filename
  15372	    152	   3784	  19308	   4b6c	OTA-FW.elf
Finished building: default.size.stdout
 
12:27:30 **** Incremental Build of configuration Debug for project OTA-FW ****
make -j16 all 
arm-none-eabi-gcc "../Core/Src/main.c" -mcpu=cortex-m4 -std=gnu11 -g3 -DDEBUG -DUSE_HAL_DRIVER -DSTM32L432xx -c -I../Core/Inc -I../Drivers/STM32L4xx_HAL_Driver/Inc -I../Drivers/STM32L4xx_HAL_Driver/Inc/Legacy -I../Drivers/CMSIS/Device/ST/STM32L4xx/Include -I../Drivers/CMSIS/Include -O0 -ffunction-sections -fdata-sections -Wall -fstack-usage -fcyclomatic-complexity -MMD -MP -MF"Core/Src/main.d" -MT"Core/Src/main.o" --specs=nano.specs -mfpu=fpv4-sp-d16 -mfloat-abi=hard -mthumb -o "Core/Src/main.o"
../Core/Src/main.c: In function 'FW_Upgrade':
../Core/Src/main.c:318:18: warning: pointer targets in passing argument 1 of 'atoi' differ in signedness [-Wpointer-sign]
  318 |    app_sz = atoi(transaction_buf);
      |                  ^~~~~~~~~~~~~~~
      |                  |
      |                  uint8_t * {aka unsigned char *}
In file included from ../Core/Inc/main.h:36,
                 from ../Core/Src/main.c:20:
c:\st\stm32cubeide_1.12.1\stm32cubeide\plugins\com.st.stm32cube.ide.mcu.externaltools.gnu-tools-for-stm32.10.3-2021.10.win32_1.0.200.202301161003\tools\arm-none-eabi\include\stdlib.h:81:23: note: expected 'const char *' but argument is of type 'uint8_t *' {aka 'unsigned char *'}
   81 | int atoi (const char *__nptr);
      |           ~~~~~~~~~~~~^~~~~~
../Core/Src/main.c:309:20: warning: variable 'ret_code' set but not used [-Wunused-but-set-variable]
  309 |  HAL_StatusTypeDef ret_code = HAL_OK;
      |                    ^~~~~~~~
../Core/Src/main.c:307:11: warning: variable 'chars_read' set but not used [-Wunused-but-set-variable]
  307 |  uint16_t chars_read = 0;
      |           ^~~~~~~~~~
../Core/Src/main.c: In function 'Delta_FW_Upgrade':
../Core/Src/main.c:366:23: warning: pointer targets in passing argument 1 of 'atoi' differ in signedness [-Wpointer-sign]
  366 |     start_page = atoi(transaction_buf);
      |                       ^~~~~~~~~~~~~~~
      |                       |
      |                       uint8_t * {aka unsigned char *}
In file included from ../Core/Inc/main.h:36,
                 from ../Core/Src/main.c:20:
c:\st\stm32cubeide_1.12.1\stm32cubeide\plugins\com.st.stm32cube.ide.mcu.externaltools.gnu-tools-for-stm32.10.3-2021.10.win32_1.0.200.202301161003\tools\arm-none-eabi\include\stdlib.h:81:23: note: expected 'const char *' but argument is of type 'uint8_t *' {aka 'unsigned char *'}
   81 | int atoi (const char *__nptr);
      |           ~~~~~~~~~~~~^~~~~~
../Core/Src/main.c:371:19: warning: pointer targets in passing argument 1 of 'atoi' differ in signedness [-Wpointer-sign]
  371 |     offset = atoi(transaction_buf);
      |                   ^~~~~~~~~~~~~~~
      |                   |
      |                   uint8_t * {aka unsigned char *}
In file included from ../Core/Inc/main.h:36,
                 from ../Core/Src/main.c:20:
c:\st\stm32cubeide_1.12.1\stm32cubeide\plugins\com.st.stm32cube.ide.mcu.externaltools.gnu-tools-for-stm32.10.3-2021.10.win32_1.0.200.202301161003\tools\arm-none-eabi\include\stdlib.h:81:23: note: expected 'const char *' but argument is of type 'uint8_t *' {aka 'unsigned char *'}
   81 | int atoi (const char *__nptr);
      |           ~~~~~~~~~~~~^~~~~~
../Core/Src/main.c:376:21: warning: pointer targets in passing argument 1 of 'atoi' differ in signedness [-Wpointer-sign]
  376 |     delta_sz = atoi(transaction_buf);
      |                     ^~~~~~~~~~~~~~~
      |                     |
      |                     uint8_t * {aka unsigned char *}
In file included from ../Core/Inc/main.h:36,
                 from ../Core/Src/main.c:20:
c:\st\stm32cubeide_1.12.1\stm32cubeide\plugins\com.st.stm32cube.ide.mcu.externaltools.gnu-tools-for-stm32.10.3-2021.10.win32_1.0.200.202301161003\tools\arm-none-eabi\include\stdlib.h:81:23: note: expected 'const char *' but argument is of type 'uint8_t *' {aka 'unsigned char *'}
   81 | int atoi (const char *__nptr);
      |           ~~~~~~~~~~~~^~~~~~
../Core/Src/main.c:386:26: warning: passing argument 2 of 'memcpy' makes pointer from integer without a cast [-Wint-conversion]
  386 |      memcpy(page_buffer, page_start_addr, MAX_BLOCK_SZ);
      |                          ^~~~~~~~~~~~~~~
      |                          |
      |                          uint32_t {aka long unsigned int}
In file included from ../Core/Inc/main.h:35,
                 from ../Core/Src/main.c:20:
c:\st\stm32cubeide_1.12.1\stm32cubeide\plugins\com.st.stm32cube.ide.mcu.externaltools.gnu-tools-for-stm32.10.3-2021.10.win32_1.0.200.202301161003\tools\arm-none-eabi\include\string.h:31:35: note: expected 'const void * restrict' but argument is of type 'uint32_t' {aka 'long unsigned int'}
   31 | void *  memcpy (void *__restrict, const void *__restrict, size_t);
      |                                   ^
../Core/Src/main.c:359:20: warning: variable 'ret_code' set but not used [-Wunused-but-set-variable]
  359 |  HAL_StatusTypeDef ret_code = HAL_OK;
      |                    ^~~~~~~~
../Core/Src/main.c:357:11: warning: variable 'chars_read' set but not used [-Wunused-but-set-variable]
  357 |  uint16_t chars_read = 0;
      |           ^~~~~~~~~~
../Core/Src/main.c: In function 'flash_mass_erase':
../Core/Src/main.c:455:20: warning: variable 'code' set but not used [-Wunused-but-set-variable]
  455 |  HAL_StatusTypeDef code;
      |                    ^~~~
arm-none-eabi-gcc -o "OTA-FW.elf" @"objects.list"   -mcpu=cortex-m4 -T"C:\Users\GAMING\STM32CubeIDE\workspace_1.12.1\OTA-FW\STM32L432KCUX_FLASH.ld" --specs=nosys.specs -Wl,-Map="OTA-FW.map" -Wl,--gc-sections -static --specs=nano.specs -mfpu=fpv4-sp-d16 -mfloat-abi=hard -mthumb -Wl,--start-group -lc -lm -Wl,--end-group
Finished building target: OTA-FW.elf
 
arm-none-eabi-size   OTA-FW.elf 
arm-none-eabi-objdump -h -S  OTA-FW.elf  > "OTA-FW.list"
   text	   data	    bss	    dec	    hex	filename
  15376	    152	   3784	  19312	   4b70	OTA-FW.elf
Finished building: default.size.stdout
 
Finished building: OTA-FW.list
 
12:28:29 **** Incremental Build of configuration Debug for project OTA-FW ****
make -j16 all 
arm-none-eabi-size   OTA-FW.elf 
   text	   data	    bss	    dec	    hex	filename
  15376	    152	   3784	  19312	   4b70	OTA-FW.elf
Finished building: default.size.stdout
 
12:29:33 **** Incremental Build of configuration Debug for project OTA-FW ****
make -j16 all 
arm-none-eabi-size   OTA-FW.elf 
   text	   data	    bss	    dec	    hex	filename
  15376	    152	   3784	  19312	   4b70	OTA-FW.elf
Finished building: default.size.stdout
 
12:31:59 **** Incremental Build of configuration Debug for project OTA-FW ****
make -j16 all 
arm-none-eabi-size   OTA-FW.elf 
   text	   data	    bss	    dec	    hex	filename
  15376	    152	   3784	  19312	   4b70	OTA-FW.elf
Finished building: default.size.stdout
 
12:32:59 **** Incremental Build of configuration Debug for project OTA-FW ****
make -j16 all 
arm-none-eabi-size   OTA-FW.elf 
   text	   data	    bss	    dec	    hex	filename
  15376	    152	   3784	  19312	   4b70	OTA-FW.elf
Finished building: default.size.stdout
 
12:34:01 **** Incremental Build of configuration Debug for project OTA-FW ****
make -j16 all 
arm-none-eabi-size   OTA-FW.elf 
   text	   data	    bss	    dec	    hex	filename
  15376	    152	   3784	  19312	   4b70	OTA-FW.elf
Finished building: default.size.stdout
 
12:35:10 **** Incremental Build of configuration Debug for project OTA-FW ****
make -j16 all 
arm-none-eabi-size   OTA-FW.elf 
   text	   data	    bss	    dec	    hex	filename
  15376	    152	   3784	  19312	   4b70	OTA-FW.elf
Finished building: default.size.stdout
 
12:35:48 **** Incremental Build of configuration Debug for project OTA-FW ****
make -j16 all 
arm-none-eabi-size   OTA-FW.elf 
   text	   data	    bss	    dec	    hex	filename
  15376	    152	   3784	  19312	   4b70	OTA-FW.elf
Finished building: default.size.stdout
 
12:36:33 **** Incremental Build of configuration Debug for project OTA-FW ****
make -j16 all 
arm-none-eabi-size   OTA-FW.elf 
   text	   data	    bss	    dec	    hex	filename
  15376	    152	   3784	  19312	   4b70	OTA-FW.elf
Finished building: default.size.stdout
 
12:37:10 **** Incremental Build of configuration Debug for project OTA-FW ****
make -j16 all 
arm-none-eabi-size   OTA-FW.elf 
   text	   data	    bss	    dec	    hex	filename
  15376	    152	   3784	  19312	   4b70	OTA-FW.elf
Finished building: default.size.stdout
 
12:38:37 **** Incremental Build of configuration Debug for project OTA-FW ****
make -j16 all 
arm-none-eabi-size   OTA-FW.elf 
   text	   data	    bss	    dec	    hex	filename
  15376	    152	   3784	  19312	   4b70	OTA-FW.elf
Finished building: default.size.stdout
 
12:40:37 **** Incremental Build of configuration Debug for project OTA-FW ****
make -j16 all 
arm-none-eabi-size   OTA-FW.elf 
   text	   data	    bss	    dec	    hex	filename
  15376	    152	   3784	  19312	   4b70	OTA-FW.elf
Finished building: default.size.stdout
 
12:44:36 **** Incremental Build of configuration Debug for project OTA-FW ****
make -j16 all 
arm-none-eabi-size   OTA-FW.elf 
   text	   data	    bss	    dec	    hex	filename
  15376	    152	   3784	  19312	   4b70	OTA-FW.elf
Finished building: default.size.stdout
 
12:45:57 **** Incremental Build of configuration Debug for project OTA-FW ****
make -j16 all 
arm-none-eabi-size   OTA-FW.elf 
   text	   data	    bss	    dec	    hex	filename
  15376	    152	   3784	  19312	   4b70	OTA-FW.elf
Finished building: default.size.stdout
 
12:49:12 **** Incremental Build of configuration Debug for project OTA-FW ****
make -j16 all 
arm-none-eabi-size   OTA-FW.elf 
   text	   data	    bss	    dec	    hex	filename
  15376	    152	   3784	  19312	   4b70	OTA-FW.elf
Finished building: default.size.stdout
 
12:51:04 **** Incremental Build of configuration Debug for project OTA-FW ****
make -j16 all 
arm-none-eabi-size   OTA-FW.elf 
   text	   data	    bss	    dec	    hex	filename
  15376	    152	   3784	  19312	   4b70	OTA-FW.elf
Finished building: default.size.stdout
 
12:52:38 **** Incremental Build of configuration Debug for project OTA-FW ****
make -j16 all 
arm-none-eabi-size   OTA-FW.elf 
   text	   data	    bss	    dec	    hex	filename
  15376	    152	   3784	  19312	   4b70	OTA-FW.elf
Finished building: default.size.stdout
 
12:57:39 **** Incremental Build of configuration Debug for project OTA-FW ****
make -j16 all 
arm-none-eabi-size   OTA-FW.elf 
   text	   data	    bss	    dec	    hex	filename
  15376	    152	   3784	  19312	   4b70	OTA-FW.elf
Finished building: default.size.stdout
 
